#
# A fatal error has been detected by the Java Runtime Environment:
#
#  SIGSEGV (0xb) at pc=0x0000000000002400, pid=1, tid=19
#
# JRE version: OpenJDK Runtime Environment (21.0.11+10) (build 21.0.11+10-1-24.04.2-Ubuntu)
# Java VM: OpenJDK 64-Bit Server VM (21.0.11+10-1-24.04.2-Ubuntu, mixed mode, sharing, tiered, compressed oops, compressed class ptrs, g1 gc, linux-amd64)
# Problematic frame:
# C  [ld-linux-x86-64.so.2+0x10f2]
#
# Core dump will be written. Default location: Core dumps may be processed with "/usr/share/apport/apport -p%p -s%s -c%c -d%d -P%P -u%u -g%g -F%F -- %E" (or dumping to /home/abhimanyu/Trikrypta/VocoNexus/core.1)
#
# If you would like to submit a bug report, please visit:
#   https://bugs.launchpad.net/ubuntu/+source/openjdk-21
#

---------------  S U M M A R Y ------------

Command Line: -Xmx64m -Xms64m -Dorg.gradle.appname=gradlew /home/abhimanyu/Trikrypta/VocoNexus/gradle/wrapper/gradle-wrapper.jar installDebug --offline

Host: 12th Gen Intel(R) Core(TM) i5-12450H, 12 cores, 15G, Pop!_OS 24.04 LTS
Time: Fri Aug 21 22:12:49 2026 IST elapsed time: 251.801478 seconds (0d 0h 4m 11s)

---------------  T H R E A D  ---------------

Current thread (0x0000786a900cbe90):  VMThread "VM Thread"          [id=19, stack(0x0000786a9528f000,0x0000786a9538f000) (1024K)]

Stack: [0x0000786a9528f000,0x0000786a9538f000],  sp=0x0000786a9538d6a0,  free space=1017k
Native frames: (J=compiled Java code, j=interpreted, Vv=VM code, C=native code)
C  [ld-linux-x86-64.so.2+0x10f2]
C  [ld-linux-x86-64.so.2+0x5578]
C  [libc.so.6+0x47a76]
C  [libc.so.6+0x47bbe]
V  [libjvm.so+0xd10c4d]
V  [libjvm.so+0x912390]  vm_exit(int)+0x0
V  [libjvm.so+0x102164c]  VM_Operation::evaluate()+0xfc
V  [libjvm.so+0x1024a34]  VMThread::evaluate_operation(VM_Operation*)+0x144
V  [libjvm.so+0x10256eb]  VMThread::inner_execute(VM_Operation*)+0x2cb
V  [libjvm.so+0x10259a7]  VMThread::run()+0xb7
V  [libjvm.so+0xf90cb7]  Thread::call_run()+0xa7
V  [libjvm.so+0xd06fd5]  thread_native_entry(Thread*)+0xd5
C  [libc.so.6+0x9cb84]

siginfo: si_signo: 11 (SIGSEGV), si_code: 1 (SEGV_MAPERR), si_addr: 0x0000000000002400

Registers:
RAX=0x0000000000000001, RBX=0x0000786a69c05de0, RCX=0x0000000000000000, RDX=0x0000000000000000
RSP=0x0000786a9538d698, RBP=0x0000786a9538d6c0, RSI=0x0000000000000000, RDI=0x0000786a90a2b240
R8 =0x0000786a9538d728, R9 =0x0000000000000000, R10=0x0000786a9538d67f, R11=0x0000786a9538d680
R12=0x0000786a90a2b240, R13=0x0000786a69c05de0, R14=0x0000000000000000, R15=0x0000786a90a2b240
RIP=0x0000000000002400, EFLAGS=0x0000000000010202, CSGSFS=0x002b000000000033, ERR=0x0000000000000014
  TRAPNO=0x000000000000000e

XMM[0]=0x0000786a98f2e8c0 0x0000786a98f2e2e0
XMM[1]=0x0000786a90a2b240 0x0000786a90a07780
XMM[2]=0x0000786a90a40a80 0x0000786a90a40430
XMM[3]=0x0000786a90a6ef10 0x0000786a90a421a0
XMM[4]=0x0000786a90022a50 0x0000786a90afc400
XMM[5]=0x0000786a98f2dab0 0x0000786a98eebdb0
XMM[6]=0x00005e3813d73c80 0x00005e3813d74170
XMM[7]=0x00005e3813d73790 0x00005e3813d74a10
XMM[8]=0x0000786a90022a50 0x0000786a90afc400
XMM[9]=0x0000000000000000 0x0000000000000000
XMM[10]=0x3f3f3f3f3f3f3f3f 0x3f3f3f3f3f3f3f3f
XMM[11]=0x9999999999999999 0x9999999999999999
XMM[12]=0x2020202020202020 0x2020202020202020
XMM[13]=0x0000000000000000 0x0000000000000000
XMM[14]=0x0000000000000000 0x0000000000000000
XMM[15]=0x0000000000000000 0x0000000000000000
  MXCSR=0x00001fa3


Register to memory mapping:

RAX=0x0000000000000001 is an unknown value
RBX=
[error occurred during error reporting (printing register info), id 0xb, SIGSEGV (0xb) at pc=0x0000786a98d83d7e]
RCX=0x0 is null
RDX=0x0 is null
RSP=0x0000786a9538d698 points into unknown readable memory: 0x0000786a98ef60f2 | f2 60 ef 98 6a 78 00 00
RBP=0x0000786a9538d6c0 points into unknown readable memory: 0x0000786a9538d7e0 | e0 d7 38 95 6a 78 00 00
RSI=0x0 is null
RDI=0x0000786a90a2b240 points into unknown readable memory: 0x0000786a69a00000 | 00 00 a0 69 6a 78 00 00
R8 =0x0000786a9538d728 points into unknown readable memory: 0x0000786a90a2b240 | 40 b2 a2 90 6a 78 00 00
R9 =0x0 is null
R10=0x0000786a9538d67f points into unknown readable memory: 00
R11=0x0000786a9538d680 points into unknown readable memory: 0x0000786a9538d690 | 90 d6 38 95 6a 78 00 00
R12=0x0000786a90a2b240 points into unknown readable memory: 0x0000786a69a00000 | 00 00 a0 69 6a 78 00 00
R13=
[error occurred during error reporting (printing register info, attempt 2), id 0xb, SIGSEGV (0xb) at pc=0x0000786a98d83d7e]
R14=0x0 is null
R15=0x0000786a90a2b240 points into unknown readable memory: 0x0000786a69a00000 | 00 00 a0 69 6a 78 00 00

Top of Stack: (sp=0x0000786a9538d698)
0x0000786a9538d698:   0000786a98ef60f2 0000000000000000   .`..jx..........
0x0000786a9538d6a8:   0000786a98f2d000 0000000000000000   ....jx..........
0x0000786a9538d6b8:   0000786a98f2da08 0000786a9538d7e0   ....jx....8.jx..
0x0000786a9538d6c8:   0000786a98efa578 0000786a98f2e2e0   x...jx......jx..
0x0000786a9538d6d8:   0000786a98f2e8c0 0000786a98eeb860   ....jx..`...jx..
0x0000786a9538d6e8:   0000786a90005bb0 00007869fc02ab30   .[..jx..0...ix..
0x0000786a9538d6f8:   0000786a900eea70 0000786a900ef0b0   p...jx......jx..
0x0000786a9538d708:   0000786a900f25a0 0000786a98eeb310   .%..jx......jx..
0x0000786a9538d718:   0000786a909eb020 0000786a90a07780    ...jx...w..jx..
0x0000786a9538d728:   0000786a90a2b240 0000786a90a40430   @...jx..0...jx..
0x0000786a9538d738:   0000786a90a40a80 0000786a90a421a0   ....jx...!..jx..
0x0000786a9538d748:   0000786a90a6ef10 0000786a90afc400   ....jx......jx..
0x0000786a9538d758:   0000786a90022a50 00005e3813d74a10   P*..jx...J..8^..
0x0000786a9538d768:   00005e3813d73790 00005e3813d74170   .7..8^..pA..8^..
0x0000786a9538d778:   00005e3813d73c80 0000786a98eebdb0   .<..8^......jx..
0x0000786a9538d788:   0000786a98f2dab0 000000029538d7d0   ....jx....8.....
0x0000786a9538d798:   0000786a9538d790 0000786a9538d790   ..8.jx....8.jx..
0x0000786a9538d7a8:   0000786a9538d728 00005e3813d9a270   (.8.jx..p...8^..
0x0000786a9538d7b8:   0000786a98e04fa8 000000000000003e   .O..jx..>.......
0x0000786a9538d7c8:   0000000000000000 0000000000000001   ................
0x0000786a9538d7d8:   0000786a98e04fc0 0000786a9538d840   .O..jx..@.8.jx..
0x0000786a9538d7e8:   0000786a98c47a76 00000001900cbe90   vz..jx..........
0x0000786a9538d7f8:   0000786a9538d818 0000786a9538d880   ..8.jx....8.jx..
0x0000786a9538d808:   0000786a98e03680 0000000000000009   .6..jx..........
0x0000786a9538d818:   0000000000000001 0000786a900cc230   ........0...jx..
0x0000786a9538d828:   0000786a900c5120 0000786a98b54a00    Q..jx...J..jx..
0x0000786a9538d838:   0000786a900cc230 0000786a9538d850   0...jx..P.8.jx..
0x0000786a9538d848:   0000786a98c47bbe 0000786a9538d860   .{..jx..`.8.jx..
0x0000786a9538d858:   0000786a98310c4d 0000786a9538d880   M.1.jx....8.jx..
0x0000786a9538d868:   0000786a97f12390 0000786a900cc230   .#..jx..0...jx..
0x0000786a9538d878:   0000786a971fde00 0000786a9538d990   ....jx....8.jx..
0x0000786a9538d888:   0000786a9862164c 0000000000000000   L.b.jx..........

Instructions: (pc=0x0000786a98ef60f2)
0x0000786a98ef5ff2:   00 00 00 00 00 00 00 00 00 00 00 00 00 00 f3 0f
0x0000786a98ef6002:   1e fa 48 85 ff 74 4f 55 41 b8 85 cf 63 09 ba ac
0x0000786a98ef6012:   82 96 06 48 8d 0d 19 cb 02 00 48 89 e5 41 54 41
0x0000786a98ef6022:   89 f4 48 8d 35 18 cb 02 00 53 48 89 fb e8 6c ac
0x0000786a98ef6032:   00 00 48 85 c0 74 2b 66 83 78 06 f1 74 20 48 8b
0x0000786a98ef6042:   13 5b 41 0f b6 fc 48 03 50 08 41 5c 5d ff e2 0f
0x0000786a98ef6052:   1f 80 00 00 00 00 c3 0f 1f 80 00 00 00 00 31 d2
0x0000786a98ef6062:   eb df 48 8d 0d 55 e0 02 00 ba 25 00 00 00 48 8d
0x0000786a98ef6072:   35 de ca 02 00 48 8d 3d f1 ca 02 00 e8 ed c2 01
0x0000786a98ef6082:   00 66 2e 0f 1f 84 00 00 00 00 00 0f 1f 00 f3 0f
0x0000786a98ef6092:   1e fa 55 48 89 e5 41 55 41 54 49 89 fc 53 48 83
0x0000786a98ef60a2:   ec 08 f6 05 f5 69 03 00 02 0f 85 7f 00 00 00 49
0x0000786a98ef60b2:   8b 84 24 10 01 00 00 41 80 a4 24 54 03 00 00 ef
0x0000786a98ef60c2:   48 85 c0 74 37 4c 8b 68 08 49 8b 84 24 20 01 00
0x0000786a98ef60d2:   00 4d 03 2c 24 48 8b 40 08 48 c1 e8 03 48 8d 50
0x0000786a98ef60e2:   ff 74 19 49 8d 5c d5 00 66 0f 1f 44 00 00 ff 13
0x0000786a98ef60f2:   48 89 d8 48 83 eb 08 49 39 c5 75 f2 49 8b 94 24
0x0000786a98ef6102:   a8 00 00 00 48 85 d2 74 15 49 8b 04 24 48 03 42
0x0000786a98ef6112:   08 48 83 c4 08 5b 41 5c 41 5d 5d ff e0 90 48 83
0x0000786a98ef6122:   c4 08 5b 41 5c 41 5d 5d c3 0f 1f 44 00 00 48 8b
0x0000786a98ef6132:   57 30 48 8b 77 08 31 c0 48 8d 3d 3a ca 02 00 e8
0x0000786a98ef6142:   ba d9 00 00 e9 66 ff ff ff 0f 1f 44 00 00 55 48
0x0000786a98ef6152:   8d 05 4f de 02 00 49 89 c9 48 89 e5 41 54 49 89
0x0000786a98ef6162:   f4 53 48 89 d3 48 89 c2 48 81 ec 10 04 00 00 85
0x0000786a98ef6172:   ff 75 53 41 80 3c 24 00 48 8d 0d 92 d1 02 00 4c
0x0000786a98ef6182:   8d 05 1f de 02 00 4c 0f 45 c1 48 85 db 48 8d 0d
0x0000786a98ef6192:   32 e4 02 00 48 0f 44 d9 48 8b 0d d7 68 03 00 48
0x0000786a98ef61a2:   8d 3d 04 ca 02 00 48 8b 31 50 48 8d 0d e2 c9 02
0x0000786a98ef61b2:   00 52 48 89 da 48 85 f6 48 0f 44 f1 4c 89 e1 31
0x0000786a98ef61c2:   c0 e8 48 dc 00 00 ba 00 04 00 00 48 8d b5 f0 fb
0x0000786a98ef61d2:   ff ff 48 89 8d e8 fb ff ff e8 60 c0 01 00 4c 8b
0x0000786a98ef61e2:   8d e8 fb ff ff 48 8d 15 25 d1 02 00 eb 85 f3 0f


Stack slot to memory mapping:

stack at sp + 0 slots: 0x0 is null
stack at sp + 1 slots: 0x0000786a98f2d000: _rtld_global+0x0000000000000000 in /lib64/ld-linux-x86-64.so.2 at 0x0000786a98ef5000
stack at sp + 2 slots: 0x0 is null
stack at sp + 3 slots: 0x0000786a98f2da08: _rtld_global+0x0000000000000a08 in /lib64/ld-linux-x86-64.so.2 at 0x0000786a98ef5000
stack at sp + 4 slots: 0x0000786a9538d7e0 points into unknown readable memory: 0x0000786a9538d840 | 40 d8 38 95 6a 78 00 00
stack at sp + 5 slots: 0x0000786a98efa578: <offset 0x0000000000005578> in /lib64/ld-linux-x86-64.so.2 at 0x0000786a98ef5000
stack at sp + 6 slots: 0x0000786a98f2e2e0 points into unknown readable memory: 0x00005e37eadd7000 | 00 70 dd ea 37 5e 00 00
stack at sp + 7 slots: 0x0000786a98f2e8c0 points into unknown readable memory: 0x0000786a98ef3000 | 00 30 ef 98 6a 78 00 00

VM_Operation (0x0000786a971fde00): Exit, mode: safepoint, requested by thread 0x0000786a90018e10


---------------  P R O C E S S  ---------------

Threads class SMR info:
_java_thread_list=0x00007869d0006950, length=16, elements={
0x0000786a90018e10, 0x0000786a900d4fa0, 0x0000786a900d6520, 0x0000786a900d7cd0,
0x0000786a900d9320, 0x0000786a900da8d0, 0x0000786a900dc420, 0x0000786a900ddaf0,
0x0000786a900e99a0, 0x0000786a900ec8a0, 0x00007869d40021f0, 0x00007869c8000fe0,
0x00007869c0002210, 0x00007869cc000fe0, 0x00007869c0003450, 0x000078699c007400
}

Java Threads: ( => current thread )
  0x0000786a90018e10 JavaThread "main"                              [_thread_blocked, id=12, stack(0x0000786a97100000,0x0000786a97200000) (1024K)]
  0x0000786a900d4fa0 JavaThread "Reference Handler"          daemon [_thread_blocked, id=20, stack(0x0000786a9518e000,0x0000786a9528e000) (1024K)]
  0x0000786a900d6520 JavaThread "Finalizer"                  daemon [_thread_blocked, id=21, stack(0x0000786a94100000,0x0000786a94200000) (1024K)]
  0x0000786a900d7cd0 JavaThread "Signal Dispatcher"          daemon [_thread_blocked, id=22, stack(0x0000786a94000000,0x0000786a94100000) (1024K)]
  0x0000786a900d9320 JavaThread "Service Thread"             daemon [_thread_blocked, id=23, stack(0x0000786a8ff00000,0x0000786a90000000) (1024K)]
  0x0000786a900da8d0 JavaThread "Monitor Deflation Thread"   daemon [_thread_blocked, id=24, stack(0x0000786a78700000,0x0000786a78800000) (1024K)]
  0x0000786a900dc420 JavaThread "C2 CompilerThread0"         daemon [_thread_blocked, id=25, stack(0x0000786a78600000,0x0000786a78700000) (1024K)]
  0x0000786a900ddaf0 JavaThread "C1 CompilerThread0"         daemon [_thread_blocked, id=26, stack(0x0000786a78500000,0x0000786a78600000) (1024K)]
  0x0000786a900e99a0 JavaThread "Notification Thread"        daemon [_thread_blocked, id=27, stack(0x0000786a7832f000,0x0000786a7842f000) (1024K)]
  0x0000786a900ec8a0 JavaThread "Common-Cleaner"             daemon [_thread_blocked, id=28, stack(0x0000786a7822f000,0x0000786a7832f000) (1024K)]
  0x00007869d40021f0 JavaThread "ForkJoinPool.commonPool-worker-3" daemon [_thread_blocked, id=37, stack(0x0000786a69300000,0x0000786a69400000) (1024K)]
  0x00007869c8000fe0 JavaThread "ForkJoinPool.commonPool-worker-4" daemon [_thread_blocked, id=38, stack(0x0000786a69200000,0x0000786a69300000) (1024K)]
  0x00007869c0002210 JavaThread "ForkJoinPool.commonPool-worker-8" daemon [_thread_blocked, id=41, stack(0x0000786a68f00000,0x0000786a69000000) (1024K)]
  0x00007869cc000fe0 JavaThread "ForkJoinPool.commonPool-worker-6" daemon [_thread_blocked, id=42, stack(0x0000786a68e00000,0x0000786a68f00000) (1024K)]
  0x00007869c0003450 JavaThread "ForkJoinPool.commonPool-worker-9" daemon [_thread_blocked, id=43, stack(0x0000786a68d00000,0x0000786a68e00000) (1024K)]
  0x000078699c007400 JavaThread "process reaper"             daemon [_thread_blocked, id=55, stack(0x0000786a9748e000,0x0000786a974b0000) (136K)]
Total: 16

Other Threads:
=>0x0000786a900cbe90 VMThread "VM Thread"                           [id=19, stack(0x0000786a9528f000,0x0000786a9538f000) (1024K)]
  0x0000786a90039d60 WorkerThread "GC Thread#0"                     [id=13, stack(0x0000786a96320000,0x0000786a96420000) (1024K)]
  0x0000786a10008220 WorkerThread "GC Thread#1"                     [id=31, stack(0x0000786a69f00000,0x0000786a6a000000) (1024K)]
  0x0000786a1000a600 WorkerThread "GC Thread#2"                     [id=32, stack(0x0000786a69dff000,0x0000786a69eff000) (1024K)]
  0x0000786a1000b100 WorkerThread "GC Thread#3"                     [id=33, stack(0x0000786a69cfe000,0x0000786a69dfe000) (1024K)]
  0x0000786a1000c920 WorkerThread "GC Thread#4"                     [id=44, stack(0x0000786a68c00000,0x0000786a68d00000) (1024K)]
  0x0000786a1000d150 WorkerThread "GC Thread#5"                     [id=45, stack(0x0000786a68aff000,0x0000786a68bff000) (1024K)]
  0x0000786a1000dc50 WorkerThread "GC Thread#6"                     [id=46, stack(0x0000786a689fe000,0x0000786a68afe000) (1024K)]
  0x0000786a1000e750 WorkerThread "GC Thread#7"                     [id=47, stack(0x0000786a688fd000,0x0000786a689fd000) (1024K)]
  0x0000786a1000f270 WorkerThread "GC Thread#8"                     [id=48, stack(0x0000786a687fc000,0x0000786a688fc000) (1024K)]
  0x0000786a9003b790 ConcurrentGCThread "G1 Main Marker"            terminated
  0x0000786a9003c740 WorkerThread "G1 Conc#0"                       [id=15, stack(0x0000786a9611e000,0x0000786a9621e000) (1024K)]
  0x0000786a900a21b0 ConcurrentGCThread "G1 Refine#0"               terminated
  0x0000786a900a3180 ConcurrentGCThread "G1 Service"                terminated
Total: 14

Threads with active compile tasks:
C2 CompilerThread0  251821 1929       4       org.gradle.internal.logging.text.AbstractLineChoppingStyledTextOutput$1::execute (140 bytes)
Total: 1

VM state: at safepoint (shutting down)

VM Mutex/Monitor currently owned by a thread:  ([mutex/lock_event])
[0x0000786a98b29ed8] Threads_lock - owner thread: 0x0000786a900cbe90
[0x0000786a98b29dd8] Heap_lock - owner thread: 0x0000786a90018e10

Heap address: 0x00000000fc000000, size: 64 MB, Compressed Oops mode: 32-bit

CDS archive(s) mapped at: [0x0000786a1b000000-0x0000786a1bc9c000-0x0000786a1bc9c000), size 13221888, SharedBaseAddress: 0x0000786a1b000000, ArchiveRelocationMode: 1.
Compressed class space mapped at: 0x0000786a1c000000-0x0000786a5c000000, reserved size: 1073741824
Narrow klass base: 0x0000786a1b000000, Narrow klass shift: 0, Narrow klass range: 0x100000000

GC Precious Log:
 CardTable entry size: 512
 Card Set container configuration: InlinePtr #cards 5 size 8 Array Of Cards #cards 12 size 40 Howl #buckets 4 coarsen threshold 1843 Howl Bitmap #cards 512 size 80 coarsen threshold 460 Card regions per heap region 1 cards per card region 2048
 CPUs: 12 total, 12 available
 Memory: 15623M
 Large Page Support: Disabled
 NUMA Support: Disabled
 Compressed Oops: Enabled (32-bit)
 Heap Region Size: 1M
 Heap Min Capacity: 64M
 Heap Initial Capacity: 64M
 Heap Max Capacity: 64M
 Pre-touch: Disabled
 Parallel Workers: 10
 Concurrent Workers: 3
 Concurrent Refinement Workers: 10
 Periodic GC: Disabled

Heap:
 garbage-first heap   total 65536K, used 18941K [0x00000000fc000000, 0x0000000100000000)
  region size 1024K, 8 young (8192K), 3 survivors (3072K)
 Metaspace       used 12842K, committed 13184K, reserved 1114112K
  class space    used 1715K, committed 1920K, reserved 1048576K

Heap Regions: E=young(eden), S=young(survivor), O=old, HS=humongous(starts), HC=humongous(continues), CS=collection set, F=free, TAMS=top-at-mark-start, PB=parsable bottom
|   0|0x00000000fc000000, 0x00000000fc100000, 0x00000000fc100000|100%|HS|  |TAMS 0x00000000fc000000| PB 0x00000000fc000000| Complete 
|   1|0x00000000fc100000, 0x00000000fc200000, 0x00000000fc200000|100%|HC|  |TAMS 0x00000000fc100000| PB 0x00000000fc100000| Complete 
|   2|0x00000000fc200000, 0x00000000fc300000, 0x00000000fc300000|100%|HC|  |TAMS 0x00000000fc200000| PB 0x00000000fc200000| Complete 
|   3|0x00000000fc300000, 0x00000000fc400000, 0x00000000fc400000|100%|HC|  |TAMS 0x00000000fc300000| PB 0x00000000fc300000| Complete 
|   4|0x00000000fc400000, 0x00000000fc500000, 0x00000000fc500000|100%| O|  |TAMS 0x00000000fc400000| PB 0x00000000fc400000| Untracked 
|   5|0x00000000fc500000, 0x00000000fc600000, 0x00000000fc600000|100%| O|  |TAMS 0x00000000fc500000| PB 0x00000000fc500000| Untracked 
|   6|0x00000000fc600000, 0x00000000fc700000, 0x00000000fc700000|100%| O|  |TAMS 0x00000000fc600000| PB 0x00000000fc600000| Untracked 
|   7|0x00000000fc700000, 0x00000000fc800000, 0x00000000fc800000|100%| O|  |TAMS 0x00000000fc700000| PB 0x00000000fc700000| Untracked 
|   8|0x00000000fc800000, 0x00000000fc900000, 0x00000000fc900000|100%| O|  |TAMS 0x00000000fc800000| PB 0x00000000fc800000| Untracked 
|   9|0x00000000fc900000, 0x00000000fca00000, 0x00000000fca00000|100%| O|  |TAMS 0x00000000fc900000| PB 0x00000000fc900000| Untracked 
|  10|0x00000000fca00000, 0x00000000fcaa4580, 0x00000000fcb00000| 64%| O|  |TAMS 0x00000000fca00000| PB 0x00000000fca00000| Untracked 
|  11|0x00000000fcb00000, 0x00000000fcb00000, 0x00000000fcc00000|  0%| F|  |TAMS 0x00000000fcb00000| PB 0x00000000fcb00000| Untracked 
|  12|0x00000000fcc00000, 0x00000000fcc00000, 0x00000000fcd00000|  0%| F|  |TAMS 0x00000000fcc00000| PB 0x00000000fcc00000| Untracked 
|  13|0x00000000fcd00000, 0x00000000fcd00000, 0x00000000fce00000|  0%| F|  |TAMS 0x00000000fcd00000| PB 0x00000000fcd00000| Untracked 
|  14|0x00000000fce00000, 0x00000000fce00000, 0x00000000fcf00000|  0%| F|  |TAMS 0x00000000fce00000| PB 0x00000000fce00000| Untracked 
|  15|0x00000000fcf00000, 0x00000000fcf00000, 0x00000000fd000000|  0%| F|  |TAMS 0x00000000fcf00000| PB 0x00000000fcf00000| Untracked 
|  16|0x00000000fd000000, 0x00000000fd000000, 0x00000000fd100000|  0%| F|  |TAMS 0x00000000fd000000| PB 0x00000000fd000000| Untracked 
|  17|0x00000000fd100000, 0x00000000fd100000, 0x00000000fd200000|  0%| F|  |TAMS 0x00000000fd100000| PB 0x00000000fd100000| Untracked 
|  18|0x00000000fd200000, 0x00000000fd200000, 0x00000000fd300000|  0%| F|  |TAMS 0x00000000fd200000| PB 0x00000000fd200000| Untracked 
|  19|0x00000000fd300000, 0x00000000fd300000, 0x00000000fd400000|  0%| F|  |TAMS 0x00000000fd300000| PB 0x00000000fd300000| Untracked 
|  20|0x00000000fd400000, 0x00000000fd400000, 0x00000000fd500000|  0%| F|  |TAMS 0x00000000fd400000| PB 0x00000000fd400000| Untracked 
|  21|0x00000000fd500000, 0x00000000fd500000, 0x00000000fd600000|  0%| F|  |TAMS 0x00000000fd500000| PB 0x00000000fd500000| Untracked 
|  22|0x00000000fd600000, 0x00000000fd600000, 0x00000000fd700000|  0%| F|  |TAMS 0x00000000fd600000| PB 0x00000000fd600000| Untracked 
|  23|0x00000000fd700000, 0x00000000fd700000, 0x00000000fd800000|  0%| F|  |TAMS 0x00000000fd700000| PB 0x00000000fd700000| Untracked 
|  24|0x00000000fd800000, 0x00000000fd800000, 0x00000000fd900000|  0%| F|  |TAMS 0x00000000fd800000| PB 0x00000000fd800000| Untracked 
|  25|0x00000000fd900000, 0x00000000fd900000, 0x00000000fda00000|  0%| F|  |TAMS 0x00000000fd900000| PB 0x00000000fd900000| Untracked 
|  26|0x00000000fda00000, 0x00000000fda00000, 0x00000000fdb00000|  0%| F|  |TAMS 0x00000000fda00000| PB 0x00000000fda00000| Untracked 
|  27|0x00000000fdb00000, 0x00000000fdb00000, 0x00000000fdc00000|  0%| F|  |TAMS 0x00000000fdb00000| PB 0x00000000fdb00000| Untracked 
|  28|0x00000000fdc00000, 0x00000000fdc00000, 0x00000000fdd00000|  0%| F|  |TAMS 0x00000000fdc00000| PB 0x00000000fdc00000| Untracked 
|  29|0x00000000fdd00000, 0x00000000fddcea40, 0x00000000fde00000| 80%| S|CS|TAMS 0x00000000fdd00000| PB 0x00000000fdd00000| Complete 
|  30|0x00000000fde00000, 0x00000000fdf00000, 0x00000000fdf00000|100%| S|CS|TAMS 0x00000000fde00000| PB 0x00000000fde00000| Complete 
|  31|0x00000000fdf00000, 0x00000000fe000000, 0x00000000fe000000|100%| S|CS|TAMS 0x00000000fdf00000| PB 0x00000000fdf00000| Complete 
|  32|0x00000000fe000000, 0x00000000fe000000, 0x00000000fe100000|  0%| F|  |TAMS 0x00000000fe000000| PB 0x00000000fe000000| Untracked 
|  33|0x00000000fe100000, 0x00000000fe100000, 0x00000000fe200000|  0%| F|  |TAMS 0x00000000fe100000| PB 0x00000000fe100000| Untracked 
|  34|0x00000000fe200000, 0x00000000fe200000, 0x00000000fe300000|  0%| F|  |TAMS 0x00000000fe200000| PB 0x00000000fe200000| Untracked 
|  35|0x00000000fe300000, 0x00000000fe300000, 0x00000000fe400000|  0%| F|  |TAMS 0x00000000fe300000| PB 0x00000000fe300000| Untracked 
|  36|0x00000000fe400000, 0x00000000fe400000, 0x00000000fe500000|  0%| F|  |TAMS 0x00000000fe400000| PB 0x00000000fe400000| Untracked 
|  37|0x00000000fe500000, 0x00000000fe500000, 0x00000000fe600000|  0%| F|  |TAMS 0x00000000fe500000| PB 0x00000000fe500000| Untracked 
|  38|0x00000000fe600000, 0x00000000fe600000, 0x00000000fe700000|  0%| F|  |TAMS 0x00000000fe600000| PB 0x00000000fe600000| Untracked 
|  39|0x00000000fe700000, 0x00000000fe700000, 0x00000000fe800000|  0%| F|  |TAMS 0x00000000fe700000| PB 0x00000000fe700000| Untracked 
|  40|0x00000000fe800000, 0x00000000fe800000, 0x00000000fe900000|  0%| F|  |TAMS 0x00000000fe800000| PB 0x00000000fe800000| Untracked 
|  41|0x00000000fe900000, 0x00000000fe900000, 0x00000000fea00000|  0%| F|  |TAMS 0x00000000fe900000| PB 0x00000000fe900000| Untracked 
|  42|0x00000000fea00000, 0x00000000fea00000, 0x00000000feb00000|  0%| F|  |TAMS 0x00000000fea00000| PB 0x00000000fea00000| Untracked 
|  43|0x00000000feb00000, 0x00000000feb00000, 0x00000000fec00000|  0%| F|  |TAMS 0x00000000feb00000| PB 0x00000000feb00000| Untracked 
|  44|0x00000000fec00000, 0x00000000fec00000, 0x00000000fed00000|  0%| F|  |TAMS 0x00000000fec00000| PB 0x00000000fec00000| Untracked 
|  45|0x00000000fed00000, 0x00000000fed00000, 0x00000000fee00000|  0%| F|  |TAMS 0x00000000fed00000| PB 0x00000000fed00000| Untracked 
|  46|0x00000000fee00000, 0x00000000fee00000, 0x00000000fef00000|  0%| F|  |TAMS 0x00000000fee00000| PB 0x00000000fee00000| Untracked 
|  47|0x00000000fef00000, 0x00000000fef00000, 0x00000000ff000000|  0%| F|  |TAMS 0x00000000fef00000| PB 0x00000000fef00000| Untracked 
|  48|0x00000000ff000000, 0x00000000ff000000, 0x00000000ff100000|  0%| F|  |TAMS 0x00000000ff000000| PB 0x00000000ff000000| Untracked 
|  49|0x00000000ff100000, 0x00000000ff100000, 0x00000000ff200000|  0%| F|  |TAMS 0x00000000ff100000| PB 0x00000000ff100000| Untracked 
|  50|0x00000000ff200000, 0x00000000ff200000, 0x00000000ff300000|  0%| F|  |TAMS 0x00000000ff200000| PB 0x00000000ff200000| Untracked 
|  51|0x00000000ff300000, 0x00000000ff300000, 0x00000000ff400000|  0%| F|  |TAMS 0x00000000ff300000| PB 0x00000000ff300000| Untracked 
|  52|0x00000000ff400000, 0x00000000ff400000, 0x00000000ff500000|  0%| F|  |TAMS 0x00000000ff400000| PB 0x00000000ff400000| Untracked 
|  53|0x00000000ff500000, 0x00000000ff500000, 0x00000000ff600000|  0%| F|  |TAMS 0x00000000ff500000| PB 0x00000000ff500000| Untracked 
|  54|0x00000000ff600000, 0x00000000ff600000, 0x00000000ff700000|  0%| F|  |TAMS 0x00000000ff600000| PB 0x00000000ff600000| Untracked 
|  55|0x00000000ff700000, 0x00000000ff700000, 0x00000000ff800000|  0%| F|  |TAMS 0x00000000ff700000| PB 0x00000000ff700000| Untracked 
|  56|0x00000000ff800000, 0x00000000ff800000, 0x00000000ff900000|  0%| F|  |TAMS 0x00000000ff800000| PB 0x00000000ff800000| Untracked 
|  57|0x00000000ff900000, 0x00000000ff9970d8, 0x00000000ffa00000| 59%| E|  |TAMS 0x00000000ff900000| PB 0x00000000ff900000| Complete 
|  58|0x00000000ffa00000, 0x00000000ffb00000, 0x00000000ffb00000|100%| E|CS|TAMS 0x00000000ffa00000| PB 0x00000000ffa00000| Complete 
|  59|0x00000000ffb00000, 0x00000000ffc00000, 0x00000000ffc00000|100%| E|CS|TAMS 0x00000000ffb00000| PB 0x00000000ffb00000| Complete 
|  60|0x00000000ffc00000, 0x00000000ffd00000, 0x00000000ffd00000|100%| E|CS|TAMS 0x00000000ffc00000| PB 0x00000000ffc00000| Complete 
|  61|0x00000000ffd00000, 0x00000000ffe00000, 0x00000000ffe00000|100%| E|CS|TAMS 0x00000000ffd00000| PB 0x00000000ffd00000| Complete 
|  62|0x00000000ffe00000, 0x00000000fff00000, 0x00000000fff00000|100%| O|  |TAMS 0x00000000ffe00000| PB 0x00000000ffe00000| Untracked 
|  63|0x00000000fff00000, 0x00000000fff0c610, 0x0000000100000000|  4%| O|  |TAMS 0x00000000fff00000| PB 0x00000000fff00000| Untracked 

Card table byte_map: [0x0000786a98be0000,0x0000786a98c00000] _byte_map_base: 0x0000786a98400000

Marking Bits: (CMBitMap*) 0x0000786a9003a8a0
 Bits: [0x0000786a96420000, 0x0000786a96520000)

Polling page: 0x0000786a98ee0000

Metaspace:

Usage:
  Non-class:     10.87 MB used.
      Class:      1.68 MB used.
       Both:     12.54 MB used.

Virtual space:
  Non-class space:       64.00 MB reserved,      11.00 MB ( 17%) committed,  1 nodes.
      Class space:        1.00 GB reserved,       1.88 MB ( <1%) committed,  1 nodes.
             Both:        1.06 GB reserved,      12.88 MB (  1%) committed. 

Chunk freelists:
   Non-Class:  4.63 MB
       Class:  14.06 MB
        Both:  18.69 MB

MaxMetaspaceSize: unlimited
CompressedClassSpaceSize: 1.00 GB
Initial GC threshold: 21.00 MB
Current GC threshold: 21.00 MB
CDS: on
 - commit_granule_bytes: 65536.
 - commit_granule_words: 8192.
 - virtual_space_node_default_size: 8388608.
 - enlarge_chunks_in_place: 1.
 - use_allocation_guard: 0.


Internal statistics:

num_allocs_failed_limit: 0.
num_arena_births: 336.
num_arena_deaths: 0.
num_vsnodes_births: 2.
num_vsnodes_deaths: 0.
num_space_committed: 206.
num_space_uncommitted: 0.
num_chunks_returned_to_freelist: 0.
num_chunks_taken_from_freelist: 732.
num_chunk_merges: 0.
num_chunk_splits: 484.
num_chunks_enlarged: 351.
num_inconsistent_stats: 0.

CodeHeap 'non-profiled nmethods': size=120028Kb used=779Kb max_used=779Kb free=119248Kb
 bounds [0x0000786a802c9000, 0x0000786a80539000, 0x0000786a87800000]
CodeHeap 'profiled nmethods': size=120028Kb used=3417Kb max_used=3417Kb free=116610Kb
 bounds [0x0000786a78800000, 0x0000786a78b60000, 0x0000786a7fd37000]
CodeHeap 'non-nmethods': size=5704Kb used=1412Kb max_used=1434Kb free=4291Kb
 bounds [0x0000786a7fd37000, 0x0000786a7ffa7000, 0x0000786a802c9000]
CodeCache: size=245760Kb, used=5608Kb, max_used=5630Kb, free=240149Kb
 total_blobs=2459, nmethods=1937, adapters=428, full_count=0
Compilation: enabled, stopped_count=0, restarted_count=0

Compilation events (20 events):
Event: 251.785 Thread 0x0000786a900dc420 nmethod 1924 0x0000786a8038ac90 code [0x0000786a8038ae20, 0x0000786a8038b0f8]
Event: 251.788 Thread 0x0000786a900dc420 1929       4       org.gradle.internal.logging.text.AbstractLineChoppingStyledTextOutput$1::execute (140 bytes)
Event: 251.788 Thread 0x0000786a900ddaf0 1933       2       org.gradle.internal.logging.text.AbstractLineChoppingStyledTextOutput$2::execute (77 bytes)
Event: 251.788 Thread 0x0000786a900ddaf0 nmethod 1933 0x0000786a78b53c10 code [0x0000786a78b53e20, 0x0000786a78b54210]
Event: 251.788 Thread 0x0000786a900ddaf0 1932       2       org.gradle.internal.logging.text.AbstractLineChoppingStyledTextOutput$2::execute (9 bytes)
Event: 251.788 Thread 0x0000786a900ddaf0 nmethod 1932 0x0000786a78b54490 code [0x0000786a78b54640, 0x0000786a78b54798]
Event: 251.788 Thread 0x0000786a900ddaf0 1934       3       java.lang.StringBuilder::append (6 bytes)
Event: 251.788 Thread 0x0000786a900ddaf0 nmethod 1934 0x0000786a78b54890 code [0x0000786a78b54a40, 0x0000786a78b54be8]
Event: 251.789 Thread 0x0000786a900ddaf0 1936       3       java.nio.ByteBuffer::array (35 bytes)
Event: 251.789 Thread 0x0000786a900ddaf0 nmethod 1936 0x0000786a78b54c90 code [0x0000786a78b54e60, 0x0000786a78b55128]
Event: 251.789 Thread 0x0000786a900ddaf0 1937       3       sun.nio.cs.StreamEncoder::ensureOpen (18 bytes)
Event: 251.789 Thread 0x0000786a900ddaf0 nmethod 1937 0x0000786a78b55290 code [0x0000786a78b55440, 0x0000786a78b55648]
Event: 251.789 Thread 0x0000786a900ddaf0 1938       1       org.gradle.internal.logging.events.StyledTextOutputEvent$Span::access$000 (5 bytes)
Event: 251.789 Thread 0x0000786a900ddaf0 nmethod 1938 0x0000786a8038b610 code [0x0000786a8038b7a0, 0x0000786a8038b848]
Event: 251.789 Thread 0x0000786a900ddaf0 1940       3       org.gradle.internal.logging.text.AbstractLineChoppingStyledTextOutput$StateContext::flushLineText (113 bytes)
Event: 251.790 Thread 0x0000786a900ddaf0 nmethod 1940 0x0000786a78b55710 code [0x0000786a78b559a0, 0x0000786a78b562c8]
Event: 251.790 Thread 0x0000786a900ddaf0 1939       1       org.gradle.internal.logging.events.StyledTextOutputEvent$Span::access$100 (5 bytes)
Event: 251.790 Thread 0x0000786a900ddaf0 nmethod 1939 0x0000786a8038b910 code [0x0000786a8038baa0, 0x0000786a8038bb48]
Event: 251.790 Thread 0x0000786a900ddaf0 1941       1       java.util.logging.LogManager$LoggerContext::getOwner (5 bytes)
Event: 251.790 Thread 0x0000786a900ddaf0 nmethod 1941 0x0000786a8038bc10 code [0x0000786a8038bda0, 0x0000786a8038be60]

GC Heap History (4 events):
Event: 0.343 GC heap before
{Heap before GC invocations=0 (full 0):
 garbage-first heap   total 65536K, used 27697K [0x00000000fc000000, 0x0000000100000000)
  region size 1024K, 23 young (23552K), 0 survivors (0K)
 Metaspace       used 4444K, committed 4672K, reserved 1114112K
  class space    used 548K, committed 640K, reserved 1048576K
}
Event: 0.348 GC heap after
{Heap after GC invocations=1 (full 0):
 garbage-first heap   total 65536K, used 11848K [0x00000000fc000000, 0x0000000100000000)
  region size 1024K, 3 young (3072K), 3 survivors (3072K)
 Metaspace       used 4444K, committed 4672K, reserved 1114112K
  class space    used 548K, committed 640K, reserved 1048576K
}
Event: 0.679 GC heap before
{Heap before GC invocations=1 (full 0):
 garbage-first heap   total 65536K, used 39496K [0x00000000fc000000, 0x0000000100000000)
  region size 1024K, 30 young (30720K), 3 survivors (3072K)
 Metaspace       used 11091K, committed 11456K, reserved 1114112K
  class space    used 1519K, committed 1664K, reserved 1048576K
}
Event: 0.683 GC heap after
{Heap after GC invocations=2 (full 0):
 garbage-first heap   total 65536K, used 14845K [0x00000000fc000000, 0x0000000100000000)
  region size 1024K, 3 young (3072K), 3 survivors (3072K)
 Metaspace       used 11091K, committed 11456K, reserved 1114112K
  class space    used 1519K, committed 1664K, reserved 1048576K
}

Dll operation events (13 events):
Event: 0.001 Loaded shared library /usr/lib/jvm/java-21-openjdk-amd64/lib/libjava.so
Event: 0.021 Loaded shared library /usr/lib/jvm/java-21-openjdk-amd64/lib/libjsvml.so
Event: 0.027 Loaded shared library /usr/lib/jvm/java-21-openjdk-amd64/lib/libnio.so
Event: 0.029 Loaded shared library /usr/lib/jvm/java-21-openjdk-amd64/lib/libzip.so
Event: 0.072 Loaded shared library /usr/lib/jvm/java-21-openjdk-amd64/lib/libnet.so
Event: 0.126 Loaded shared library /usr/lib/jvm/java-21-openjdk-amd64/lib/libjimage.so
Event: 0.328 Loaded shared library /usr/lib/jvm/java-21-openjdk-amd64/lib/libmanagement.so
Event: 0.329 Loaded shared library /usr/lib/jvm/java-21-openjdk-amd64/lib/libmanagement_ext.so
Event: 0.360 Loaded shared library /home/abhimanyu/Trikrypta/VocoNexus/.gradle-home/native/660c5614fbf4a5f2a75b1949f50a0caf5cd603558e7d8a26e50b933a0cfb79d1/linux-amd64/libnative-platform.so
Event: 0.372 Loading shared library /home/abhimanyu/Trikrypta/VocoNexus/.gradle-home/native/660c5614fbf4a5f2a75b1949f50a0caf5cd603558e7d8a26e50b933a0cfb79d1/linux-amd64-ncurses5/libnative-platform-curses.so failed, libtinfo.so.5: cannot open shared object file: No suc
Event: 0.372 Loaded shared library /home/abhimanyu/Trikrypta/VocoNexus/.gradle-home/native/660c5614fbf4a5f2a75b1949f50a0caf5cd603558e7d8a26e50b933a0cfb79d1/linux-amd64-ncurses6/libnative-platform-curses.so
Event: 0.394 Loaded shared library /usr/lib/jvm/java-21-openjdk-amd64/lib/libverify.so
Event: 0.458 Loaded shared library /usr/lib/jvm/java-21-openjdk-amd64/lib/libextnet.so

Deoptimization events (20 events):
Event: 0.712 Thread 0x0000786a90c81c20 Uncommon trap: trap_request=0xffffff45 fr.pc=0x0000786a8031a834 relative=0x00000000000004f4
Event: 0.712 Thread 0x0000786a90c81c20 Uncommon trap: reason=unstable_if action=reinterpret pc=0x0000786a8031a834 method=java.lang.AbstractStringBuilder.isLatin1()Z @ 10 c2
Event: 0.712 Thread 0x0000786a90c81c20 DEOPT PACKING pc=0x0000786a8031a834 sp=0x0000786a687f92b0
Event: 0.712 Thread 0x0000786a90c81c20 DEOPT UNPACKING pc=0x0000786a7fd8af99 sp=0x0000786a687f9150 mode 2
Event: 1.433 Thread 0x0000786a90c81c20 Uncommon trap: trap_request=0xffffff45 fr.pc=0x0000786a802d6c58 relative=0x00000000000000b8
Event: 1.433 Thread 0x0000786a90c81c20 Uncommon trap: reason=unstable_if action=reinterpret pc=0x0000786a802d6c58 method=java.lang.String.isLatin1()Z @ 10 c2
Event: 1.433 Thread 0x0000786a90c81c20 DEOPT PACKING pc=0x0000786a802d6c58 sp=0x0000786a687f9240
Event: 1.433 Thread 0x0000786a90c81c20 DEOPT UNPACKING pc=0x0000786a7fd8af99 sp=0x0000786a687f9188 mode 2
Event: 1.433 Thread 0x0000786a90c81c20 Uncommon trap: trap_request=0xffffff76 fr.pc=0x0000786a8034e4d8 relative=0x00000000000004d8
Event: 1.433 Thread 0x0000786a90c81c20 Uncommon trap: reason=predicate action=maybe_recompile pc=0x0000786a8034e4d8 method=java.util.regex.Pattern$Start.match(Ljava/util/regex/Matcher;ILjava/lang/CharSequence;)Z @ 34 c2
Event: 1.433 Thread 0x0000786a90c81c20 DEOPT PACKING pc=0x0000786a8034e4d8 sp=0x0000786a687f92e0
Event: 1.433 Thread 0x0000786a90c81c20 DEOPT UNPACKING pc=0x0000786a7fd8af99 sp=0x0000786a687f9250 mode 2
Event: 1.434 Thread 0x0000786a90c81c20 Uncommon trap: trap_request=0xffffffde fr.pc=0x0000786a803738c4 relative=0x0000000000000404
Event: 1.434 Thread 0x0000786a90c81c20 Uncommon trap: reason=class_check action=maybe_recompile pc=0x0000786a803738c4 method=java.lang.String.<init>(Ljava/lang/AbstractStringBuilder;Ljava/lang/Void;)V @ 10 c2
Event: 1.434 Thread 0x0000786a90c81c20 DEOPT PACKING pc=0x0000786a803738c4 sp=0x0000786a687f93c0
Event: 1.434 Thread 0x0000786a90c81c20 DEOPT UNPACKING pc=0x0000786a7fd8af99 sp=0x0000786a687f9390 mode 2
Event: 251.790 Thread 0x0000786a90018e10 Uncommon trap: trap_request=0xffffff45 fr.pc=0x0000786a803864c4 relative=0x0000000000000044
Event: 251.790 Thread 0x0000786a90018e10 Uncommon trap: reason=unstable_if action=reinterpret pc=0x0000786a803864c4 method=java.util.concurrent.ThreadPoolExecutor.runStateAtLeast(II)Z @ 2 c2
Event: 251.790 Thread 0x0000786a90018e10 DEOPT PACKING pc=0x0000786a803864c4 sp=0x0000786a971fdb30
Event: 251.790 Thread 0x0000786a90018e10 DEOPT UNPACKING pc=0x0000786a7fd8af99 sp=0x0000786a971fdae8 mode 2

Classes loaded (20 events):
Event: 251.777 Loading class java/lang/StackTraceElement$HashedModules
Event: 251.778 Loading class java/lang/StackTraceElement$HashedModules done
Event: 251.780 Loading class java/util/stream/DistinctOps
Event: 251.780 Loading class java/util/stream/DistinctOps done
Event: 251.781 Loading class java/util/stream/DistinctOps$1
Event: 251.781 Loading class java/util/stream/ReferencePipeline$StatefulOp
Event: 251.781 Loading class java/util/stream/ReferencePipeline$StatefulOp done
Event: 251.781 Loading class java/util/stream/DistinctOps$1 done
Event: 251.782 Loading class java/util/stream/DistinctOps$1$2
Event: 251.782 Loading class java/util/stream/DistinctOps$1$2 done
Event: 251.783 Loading class java/util/stream/MatchOps$MatchKind
Event: 251.783 Loading class java/util/stream/MatchOps$MatchKind done
Event: 251.783 Loading class java/util/stream/MatchOps
Event: 251.784 Loading class java/util/stream/MatchOps done
Event: 251.784 Loading class java/util/stream/MatchOps$MatchOp
Event: 251.784 Loading class java/util/stream/MatchOps$MatchOp done
Event: 251.784 Loading class java/util/stream/MatchOps$BooleanTerminalSink
Event: 251.784 Loading class java/util/stream/MatchOps$BooleanTerminalSink done
Event: 251.785 Loading class java/util/stream/MatchOps$1MatchSink
Event: 251.785 Loading class java/util/stream/MatchOps$1MatchSink done

Classes unloaded (0 events):
No events

Classes redefined (0 events):
No events

Internal exceptions (20 events):
Event: 0.597 Thread 0x0000786a90018e10 Exception <a 'java/lang/NoSuchMethodError'{0x00000000fea0bfd0}: 'java.lang.Object java.lang.invoke.DirectMethodHandle$Holder.invokeStatic(java.lang.Object, java.lang.Object, java.lang.Object, java.lang.Object, java.lang.Object, java.lang.Object, java.lang.Object, java.lang.Object, java.lang.Object, java.lang.Object, java.lang.Object, java.lang.Object, java.lang.Object, java.lang.Object, java.lang.Object, java.lang.Object, java.lang.Object, java.lang.Object, java.lang.Object, java.lang.Object, java.lang.Obj
Event: 0.598 Thread 0x0000786a90018e10 Exception <a 'java/lang/NoSuchMethodError'{0x00000000fea37b18}: 'java.lang.Object java.lang.invoke.DirectMethodHandle$Holder.invokeStatic(java.lang.Object, java.lang.Object, java.lang.Object, java.lang.Object, java.lang.Object, java.lang.Object, java.lang.Object, java.lang.Object, java.lang.Object, java.lang.Object, java.lang.Object, java.lang.Object, java.lang.Object, java.lang.Object, java.lang.Object, java.lang.Object, java.lang.Object, java.lang.Object, java.lang.Object, java.lang.Object, java.lang.Obj
Event: 0.599 Thread 0x0000786a90018e10 Exception <a 'java/lang/NoSuchMethodError'{0x00000000fea65170}: 'java.lang.Object java.lang.invoke.DirectMethodHandle$Holder.invokeStatic(java.lang.Object, java.lang.Object, java.lang.Object, java.lang.Object, java.lang.Object, java.lang.Object, java.lang.Object, java.lang.Object, java.lang.Object, java.lang.Object, java.lang.Object, java.lang.Object, java.lang.Object, java.lang.Object, java.lang.Object, java.lang.Object, java.lang.Object, java.lang.Object, java.lang.Object, java.lang.Object, java.lang.Obj
Event: 0.608 Thread 0x0000786a90018e10 Exception <a 'java/lang/NoSuchMethodError'{0x00000000feafe5b8}: 'long java.lang.invoke.DirectMethodHandle$Holder.invokeInterface(java.lang.Object, java.lang.Object)'> (0x00000000feafe5b8) 
thrown [./src/hotspot/share/interpreter/linkResolver.cpp, line 772]
Event: 0.625 Thread 0x0000786a90018e10 Exception <a 'java/lang/NoSuchMethodError'{0x00000000fe863f08}: 'java.lang.Object java.lang.invoke.DirectMethodHandle$Holder.invokeSpecialIFC(java.lang.Object, java.lang.Object, java.lang.Object, java.lang.Object)'> (0x00000000fe863f08) 
thrown [./src/hotspot/share/interpreter/linkResolver.cpp, line 772]
Event: 0.636 Thread 0x0000786a90018e10 Exception <a 'java/lang/NoSuchMethodError'{0x00000000fe7574c0}: 'int java.lang.invoke.DirectMethodHandle$Holder.invokeVirtual(java.lang.Object, java.lang.Object, java.lang.Object)'> (0x00000000fe7574c0) 
thrown [./src/hotspot/share/interpreter/linkResolver.cpp, line 772]
Event: 0.638 Thread 0x0000786a90018e10 Exception <a 'java/lang/NoSuchMethodError'{0x00000000fe773270}: 'java.lang.Object java.lang.invoke.DirectMethodHandle$Holder.newInvokeSpecial(java.lang.Object, java.lang.Object, java.lang.Object, java.lang.Object, int)'> (0x00000000fe773270) 
thrown [./src/hotspot/share/interpreter/linkResolver.cpp, line 772]
Event: 0.638 Thread 0x0000786a90018e10 Exception <a 'java/lang/NoSuchMethodError'{0x00000000fe7775b8}: 'java.lang.Object java.lang.invoke.DirectMethodHandle$Holder.invokeSpecial(java.lang.Object, java.lang.Object, java.lang.Object, java.lang.Object, java.lang.Object, int)'> (0x00000000fe7775b8) 
thrown [./src/hotspot/share/interpreter/linkResolver.cpp, line 772]
Event: 0.639 Thread 0x0000786a90018e10 Exception <a 'java/lang/NoSuchMethodError'{0x00000000fe77b048}: 'java.lang.Object java.lang.invoke.Invokers$Holder.linkToTargetMethod(java.lang.Object, java.lang.Object, java.lang.Object, int, java.lang.Object)'> (0x00000000fe77b048) 
thrown [./src/hotspot/share/interpreter/linkResolver.cpp, line 772]
Event: 0.641 Thread 0x0000786a90018e10 Exception <a 'java/lang/IncompatibleClassChangeError'{0x00000000fe7995a8}: Found class java.lang.Object, but interface was expected> (0x00000000fe7995a8) 
thrown [./src/hotspot/share/interpreter/linkResolver.cpp, line 840]
Event: 0.644 Thread 0x0000786a90018e10 Exception <a 'java/lang/NoSuchMethodError'{0x00000000fe7ba368}: 'java.lang.Object java.lang.invoke.DirectMethodHandle$Holder.invokeStaticInit(java.lang.Object, java.lang.Object, java.lang.Object)'> (0x00000000fe7ba368) 
thrown [./src/hotspot/share/interpreter/linkResolver.cpp, line 772]
Event: 0.645 Thread 0x00007869c0000fe0 Exception <a 'java/lang/NoSuchMethodError'{0x00000000fe392f60}: 'int java.lang.invoke.DirectMethodHandle$Holder.invokeVirtual(java.lang.Object, java.lang.Object)'> (0x00000000fe392f60) 
thrown [./src/hotspot/share/interpreter/linkResolver.cpp, line 772]
Event: 0.697 Thread 0x0000786a90c81c20 Exception <a 'java/lang/NoSuchMethodError'{0x00000000ffc87cd8}: 'java.lang.Object java.lang.invoke.DirectMethodHandle$Holder.invokeStatic(java.lang.Object, long, java.lang.Object)'> (0x00000000ffc87cd8) 
thrown [./src/hotspot/share/interpreter/linkResolver.cpp, line 772]
Event: 0.697 Thread 0x0000786a90c81c20 Exception <a 'java/lang/NoSuchMethodError'{0x00000000ffc8b4a0}: 'java.lang.Object java.lang.invoke.DirectMethodHandle$Holder.invokeStaticInit(java.lang.Object, long, java.lang.Object)'> (0x00000000ffc8b4a0) 
thrown [./src/hotspot/share/interpreter/linkResolver.cpp, line 772]
Event: 0.698 Thread 0x0000786a90c81c20 Exception <a 'java/lang/NoSuchMethodError'{0x00000000ffc90f60}: 'java.lang.Object java.lang.invoke.DirectMethodHandle$Holder.newInvokeSpecial(java.lang.Object, long)'> (0x00000000ffc90f60) 
thrown [./src/hotspot/share/interpreter/linkResolver.cpp, line 772]
Event: 0.699 Thread 0x0000786a90c81c20 Exception <a 'java/lang/NoSuchMethodError'{0x00000000ffc98a68}: 'java.lang.Object java.lang.invoke.DirectMethodHandle$Holder.newInvokeSpecial(java.lang.Object, java.lang.Object, java.lang.Object, int)'> (0x00000000ffc98a68) 
thrown [./src/hotspot/share/interpreter/linkResolver.cpp, line 772]
Event: 0.699 Thread 0x0000786a90c81c20 Exception <a 'java/lang/NoSuchMethodError'{0x00000000ffc9c8b8}: 'java.lang.Object java.lang.invoke.DirectMethodHandle$Holder.invokeSpecial(java.lang.Object, java.lang.Object, java.lang.Object, java.lang.Object, int)'> (0x00000000ffc9c8b8) 
thrown [./src/hotspot/share/interpreter/linkResolver.cpp, line 772]
Event: 0.699 Thread 0x0000786a90c81c20 Exception <a 'java/lang/NoSuchMethodError'{0x00000000ffca0030}: 'java.lang.Object java.lang.invoke.Invokers$Holder.linkToTargetMethod(java.lang.Object, java.lang.Object, int, java.lang.Object)'> (0x00000000ffca0030) 
thrown [./src/hotspot/share/interpreter/linkResolver.cpp, line 772]
Event: 0.701 Thread 0x0000786a90c81c20 Exception <a 'java/lang/NoSuchMethodError'{0x00000000ffcac918}: 'java.lang.Object java.lang.invoke.DirectMethodHandle$Holder.newInvokeSpecial(java.lang.Object, java.lang.Object, int)'> (0x00000000ffcac918) 
thrown [./src/hotspot/share/interpreter/linkResolver.cpp, line 772]
Event: 251.786 Thread 0x0000786a90018e10 Exception <a 'java/lang/NoSuchMethodError'{0x00000000ff90abb8}: 'void java.lang.invoke.DirectMethodHandle$Holder.invokeStatic(java.lang.Object, int, java.lang.Object)'> (0x00000000ff90abb8) 
thrown [./src/hotspot/share/interpreter/linkResolver.cpp, line 772]

ZGC Phase Switch (0 events):
No events

VM Operations (20 events):
Event: 38.715 Executing safepoint VM operation: Cleanup done
Event: 39.715 Executing safepoint VM operation: Cleanup
Event: 39.715 Executing safepoint VM operation: Cleanup done
Event: 60.046 Executing non-safepoint VM operation: HandshakeAllThreads (HandshakeForDeflation)
Event: 60.046 Executing non-safepoint VM operation: HandshakeAllThreads (HandshakeForDeflation) done
Event: 60.046 Executing non-safepoint VM operation: RendezvousGCThreads
Event: 60.046 Executing non-safepoint VM operation: RendezvousGCThreads done
Event: 102.049 Executing safepoint VM operation: Cleanup
Event: 102.049 Executing safepoint VM operation: Cleanup done
Event: 132.051 Executing safepoint VM operation: Cleanup
Event: 132.051 Executing safepoint VM operation: Cleanup done
Event: 168.053 Executing safepoint VM operation: Cleanup
Event: 168.053 Executing safepoint VM operation: Cleanup done
Event: 182.054 Executing safepoint VM operation: Cleanup
Event: 182.054 Executing safepoint VM operation: Cleanup done
Event: 251.779 Executing non-safepoint VM operation: HandshakeAllThreads (Deoptimize)
Event: 251.779 Executing non-safepoint VM operation: HandshakeAllThreads (Deoptimize) done
Event: 251.779 Executing safepoint VM operation: Cleanup
Event: 251.779 Executing safepoint VM operation: Cleanup done
Event: 251.791 Executing safepoint VM operation: Exit

Memory protections (20 events):
Event: 0.025 Protecting memory [0x0000786a7832f000,0x0000786a78333000] with protection modes 0
Event: 0.026 Protecting memory [0x0000786a7822f000,0x0000786a78233000] with protection modes 0
Event: 0.124 Protecting memory [0x0000786a7812f000,0x0000786a78133000] with protection modes 0
Event: 0.124 Protecting memory [0x0000786a7802f000,0x0000786a78033000] with protection modes 0
Event: 0.381 Protecting memory [0x0000786a69900000,0x0000786a69904000] with protection modes 0
Event: 0.643 Protecting memory [0x0000786a69500000,0x0000786a69504000] with protection modes 0
Event: 0.644 Protecting memory [0x0000786a69400000,0x0000786a69404000] with protection modes 0
Event: 0.644 Protecting memory [0x0000786a69300000,0x0000786a69304000] with protection modes 0
Event: 0.644 Protecting memory [0x0000786a69200000,0x0000786a69204000] with protection modes 0
Event: 0.644 Protecting memory [0x0000786a69100000,0x0000786a69104000] with protection modes 0
Event: 0.644 Protecting memory [0x0000786a69000000,0x0000786a69004000] with protection modes 0
Event: 0.644 Protecting memory [0x0000786a68f00000,0x0000786a68f04000] with protection modes 0
Event: 0.644 Protecting memory [0x0000786a68e00000,0x0000786a68e04000] with protection modes 0
Event: 0.645 Protecting memory [0x0000786a68d00000,0x0000786a68d04000] with protection modes 0
Event: 0.694 Protecting memory [0x0000786a686fb000,0x0000786a686ff000] with protection modes 0
Event: 0.702 Protecting memory [0x0000786a9748e000,0x0000786a97492000] with protection modes 0
Event: 0.705 Protecting memory [0x0000786a685fb000,0x0000786a685ff000] with protection modes 0
Event: 0.706 Protecting memory [0x0000786a685fb000,0x0000786a685ff000] with protection modes 0
Event: 1.439 Protecting memory [0x0000786a685fb000,0x0000786a685ff000] with protection modes 0
Event: 251.790 Protecting memory [0x0000786a69900000,0x0000786a69904000] with protection modes 0

Nmethod flushes (0 events):
No events

Events (20 events):
Event: 0.645 Thread 0x00007869c8000fe0 Thread added: 0x00007869c0003450
Event: 0.694 Thread 0x0000786a90018e10 Thread added: 0x0000786a90c81c20
Event: 0.702 Thread 0x0000786a90c81c20 Thread added: 0x000078699c007400
Event: 0.705 Thread 0x0000786a90c81c20 Thread added: 0x000078699c009b90
Event: 0.705 Thread 0x000078699c009b90 Thread exited: 0x000078699c009b90
Event: 0.706 Thread 0x0000786a90c81c20 Thread added: 0x000078699c00a9d0
Event: 1.081 Thread 0x00007869f015e400 Thread exited: 0x00007869f015e400
Event: 1.281 Thread 0x00007869f015d130 Thread exited: 0x00007869f015d130
Event: 1.435 Thread 0x0000786a90c81c20 Thread exited: 0x0000786a90c81c20
Event: 1.435 Thread 0x000078699c00a9d0 Thread exited: 0x000078699c00a9d0
Event: 1.439 Thread 0x0000786a900ddaf0 Thread added: 0x00007869f0319a00
Event: 1.981 Thread 0x00007869f0319a00 Thread exited: 0x00007869f0319a00
Event: 60.671 Thread 0x00007869c0000fe0 Thread exited: 0x00007869c0000fe0
Event: 120.671 Thread 0x00007869d4000fe0 Thread exited: 0x00007869d4000fe0
Event: 180.671 Thread 0x0000786a90c6fd40 Thread exited: 0x0000786a90c6fd40
Event: 240.671 Thread 0x00007869d4003410 Thread exited: 0x00007869d4003410
Event: 251.790 Thread 0x0000786a90a52890 Thread exited: 0x0000786a90a52890
Event: 251.790 Thread 0x0000786a90018e10 Thread added: 0x0000786a90a52890
Event: 251.790 Thread 0x0000786a90a52890 Thread exited: 0x0000786a90a52890
Event: 251.790 Thread 0x0000786a90018e10 Before exit entered


Dynamic libraries:
fc000000-ffe00000 rw-p 00000000 00:00 0 
ffe00000-fff0d000 rw-p 00cdb000 fc:01 19399266                           /usr/lib/jvm/java-21-openjdk-amd64/lib/server/classes.jsa
fff0d000-100000000 rw-p 00000000 00:00 0 
5e37eadd7000-5e37eadd8000 r--p 00000000 fc:01 19399192                   /usr/lib/jvm/java-21-openjdk-amd64/bin/java
5e37eadd8000-5e37eadd9000 r-xp 00001000 fc:01 19399192                   /usr/lib/jvm/java-21-openjdk-amd64/bin/java
5e37eadd9000-5e37eadda000 r--p 00002000 fc:01 19399192                   /usr/lib/jvm/java-21-openjdk-amd64/bin/java
5e37eadda000-5e37eaddb000 r--p 00002000 fc:01 19399192                   /usr/lib/jvm/java-21-openjdk-amd64/bin/java
5e37eaddb000-5e37eaddc000 rw-p 00003000 fc:01 19399192                   /usr/lib/jvm/java-21-openjdk-amd64/bin/java
5e3813d73000-5e3813dba000 rw-p 00000000 00:00 0                          [heap]
786990000000-786990021000 rw-p 00000000 00:00 0 
786990021000-786994000000 ---p 00000000 00:00 0 
786994000000-786994078000 rw-p 00000000 00:00 0 
786994078000-786998000000 ---p 00000000 00:00 0 
786998000000-786998021000 rw-p 00000000 00:00 0 
786998021000-78699c000000 ---p 00000000 00:00 0 
78699c000000-78699c021000 rw-p 00000000 00:00 0 
78699c021000-7869a0000000 ---p 00000000 00:00 0 
7869a0000000-7869a0021000 rw-p 00000000 00:00 0 
7869a0021000-7869a4000000 ---p 00000000 00:00 0 
7869a4000000-7869a4021000 rw-p 00000000 00:00 0 
7869a4021000-7869a8000000 ---p 00000000 00:00 0 
7869a8000000-7869a8021000 rw-p 00000000 00:00 0 
7869a8021000-7869ac000000 ---p 00000000 00:00 0 
7869ac000000-7869ac021000 rw-p 00000000 00:00 0 
7869ac021000-7869b0000000 ---p 00000000 00:00 0 
7869b0000000-7869b0021000 rw-p 00000000 00:00 0 
7869b0021000-7869b4000000 ---p 00000000 00:00 0 
7869b4000000-7869b4021000 rw-p 00000000 00:00 0 
7869b4021000-7869b8000000 ---p 00000000 00:00 0 
7869b8000000-7869b806e000 rw-p 00000000 00:00 0 
7869b806e000-7869bc000000 ---p 00000000 00:00 0 
7869bc000000-7869bc021000 rw-p 00000000 00:00 0 
7869bc021000-7869c0000000 ---p 00000000 00:00 0 
7869c0000000-7869c0021000 rw-p 00000000 00:00 0 
7869c0021000-7869c4000000 ---p 00000000 00:00 0 
7869c4000000-7869c4021000 rw-p 00000000 00:00 0 
7869c4021000-7869c8000000 ---p 00000000 00:00 0 
7869c8000000-7869c8021000 rw-p 00000000 00:00 0 
7869c8021000-7869cc000000 ---p 00000000 00:00 0 
7869cc000000-7869cc021000 rw-p 00000000 00:00 0 
7869cc021000-7869d0000000 ---p 00000000 00:00 0 
7869d0000000-7869d0021000 rw-p 00000000 00:00 0 
7869d0021000-7869d4000000 ---p 00000000 00:00 0 
7869d4000000-7869d4021000 rw-p 00000000 00:00 0 
7869d4021000-7869d8000000 ---p 00000000 00:00 0 
7869d8000000-7869d8021000 rw-p 00000000 00:00 0 
7869d8021000-7869dc000000 ---p 00000000 00:00 0 
7869dc000000-7869dc021000 rw-p 00000000 00:00 0 
7869dc021000-7869e0000000 ---p 00000000 00:00 0 
7869e0000000-7869e022d000 rw-p 00000000 00:00 0 
7869e022d000-7869e4000000 ---p 00000000 00:00 0 
7869e4000000-7869e4021000 rw-p 00000000 00:00 0 
7869e4021000-7869e8000000 ---p 00000000 00:00 0 
7869e8000000-7869e8021000 rw-p 00000000 00:00 0 
7869e8021000-7869ec000000 ---p 00000000 00:00 0 
7869ec000000-7869ec247000 rw-p 00000000 00:00 0 
7869ec247000-7869f0000000 ---p 00000000 00:00 0 
7869f0000000-7869f0321000 rw-p 00000000 00:00 0 
7869f0321000-7869f4000000 ---p 00000000 00:00 0 
7869f4000000-7869f4021000 rw-p 00000000 00:00 0 
7869f4021000-7869f8000000 ---p 00000000 00:00 0 
7869f8000000-7869f8021000 rw-p 00000000 00:00 0 
7869f8021000-7869fc000000 ---p 00000000 00:00 0 
7869fc000000-7869fc48a000 rw-p 00000000 00:00 0 
7869fc48a000-786a00000000 ---p 00000000 00:00 0 
786a00000000-786a00021000 rw-p 00000000 00:00 0 
786a00021000-786a04000000 ---p 00000000 00:00 0 
786a04000000-786a04021000 rw-p 00000000 00:00 0 
786a04021000-786a08000000 ---p 00000000 00:00 0 
786a08000000-786a08021000 rw-p 00000000 00:00 0 
786a08021000-786a0c000000 ---p 00000000 00:00 0 
786a0c000000-786a0c021000 rw-p 00000000 00:00 0 
786a0c021000-786a10000000 ---p 00000000 00:00 0 
786a10000000-786a10035000 rw-p 00000000 00:00 0 
786a10035000-786a14000000 ---p 00000000 00:00 0 
786a17000000-786a17400000 rw-p 00000000 00:00 0 
786a17400000-786a17a60000 rw-p 00000000 00:00 0 
786a17a60000-786a17b00000 ---p 00000000 00:00 0 
786a17b00000-786a17ba0000 rw-p 00000000 00:00 0 
786a17ba0000-786a1b000000 ---p 00000000 00:00 0 
786a1b000000-786a1bc9c000 rw-p 00001000 fc:01 19399266                   /usr/lib/jvm/java-21-openjdk-amd64/lib/server/classes.jsa
786a1bc9c000-786a1c000000 ---p 00000000 00:00 0 
786a1c000000-786a1c040000 rw-p 00000000 00:00 0 
786a1c040000-786a1c080000 rw-p 00000000 00:00 0 
786a1c080000-786a1c100000 rw-p 00000000 00:00 0 
786a1c100000-786a1c1c0000 rw-p 00000000 00:00 0 
786a1c1c0000-786a1c1e0000 rw-p 00000000 00:00 0 
786a1c1e0000-786a5c000000 ---p 00000000 00:00 0 
786a5c000000-786a5c021000 rw-p 00000000 00:00 0 
786a5c021000-786a60000000 ---p 00000000 00:00 0 
786a60000000-786a60021000 rw-p 00000000 00:00 0 
786a60021000-786a64000000 ---p 00000000 00:00 0 
786a64000000-786a64021000 rw-p 00000000 00:00 0 
786a64021000-786a68000000 ---p 00000000 00:00 0 
786a68196000-786a685fb000 rw-p 00000000 00:00 0 
786a685fb000-786a685ff000 ---p 00000000 00:00 0 
786a685ff000-786a686fb000 rw-p 00000000 00:00 0 
786a686fb000-786a686ff000 ---p 00000000 00:00 0 
786a686ff000-786a687fb000 rw-p 00000000 00:00 0 
786a687fb000-786a687fc000 ---p 00000000 00:00 0 
786a687fc000-786a688fc000 rw-p 00000000 00:00 0 
786a688fc000-786a688fd000 ---p 00000000 00:00 0 
786a688fd000-786a689fd000 rw-p 00000000 00:00 0 
786a689fd000-786a689fe000 ---p 00000000 00:00 0 
786a689fe000-786a68afe000 rw-p 00000000 00:00 0 
786a68afe000-786a68aff000 ---p 00000000 00:00 0 
786a68aff000-786a68bff000 rw-p 00000000 00:00 0 
786a68bff000-786a68c00000 ---p 00000000 00:00 0 
786a68c00000-786a68d00000 rw-p 00000000 00:00 0 
786a68d00000-786a68d04000 ---p 00000000 00:00 0 
786a68d04000-786a68e00000 rw-p 00000000 00:00 0 
786a68e00000-786a68e04000 ---p 00000000 00:00 0 
786a68e04000-786a68f00000 rw-p 00000000 00:00 0 
786a68f00000-786a68f04000 ---p 00000000 00:00 0 
786a68f04000-786a69000000 rw-p 00000000 00:00 0 
786a69000000-786a69004000 ---p 00000000 00:00 0 
786a69004000-786a69100000 rw-p 00000000 00:00 0 
786a69100000-786a69104000 ---p 00000000 00:00 0 
786a69104000-786a69200000 rw-p 00000000 00:00 0 
786a69200000-786a69204000 ---p 00000000 00:00 0 
786a69204000-786a69300000 rw-p 00000000 00:00 0 
786a69300000-786a69304000 ---p 00000000 00:00 0 
786a69304000-786a69400000 rw-p 00000000 00:00 0 
786a69400000-786a69404000 ---p 00000000 00:00 0 
786a69404000-786a69500000 rw-p 00000000 00:00 0 
786a69500000-786a69504000 ---p 00000000 00:00 0 
786a69504000-786a69600000 rw-p 00000000 00:00 0 
786a69600000-786a69604000 r-xp 00000000 fc:01 4492929                    /home/abhimanyu/Trikrypta/VocoNexus/.gradle-home/native/660c5614fbf4a5f2a75b1949f50a0caf5cd603558e7d8a26e50b933a0cfb79d1/linux-amd64-ncurses6/libnative-platform-curses.so
786a69604000-786a69803000 ---p 00004000 fc:01 4492929                    /home/abhimanyu/Trikrypta/VocoNexus/.gradle-home/native/660c5614fbf4a5f2a75b1949f50a0caf5cd603558e7d8a26e50b933a0cfb79d1/linux-amd64-ncurses6/libnative-platform-curses.so
786a69803000-786a69804000 r--p 00003000 fc:01 4492929                    /home/abhimanyu/Trikrypta/VocoNexus/.gradle-home/native/660c5614fbf4a5f2a75b1949f50a0caf5cd603558e7d8a26e50b933a0cfb79d1/linux-amd64-ncurses6/libnative-platform-curses.so
786a69804000-786a69805000 rw-p 00004000 fc:01 4492929                    /home/abhimanyu/Trikrypta/VocoNexus/.gradle-home/native/660c5614fbf4a5f2a75b1949f50a0caf5cd603558e7d8a26e50b933a0cfb79d1/linux-amd64-ncurses6/libnative-platform-curses.so
786a69900000-786a69904000 ---p 00000000 00:00 0 
786a69904000-786a69a00000 rw-p 00000000 00:00 0 
786a69a00000-786a69a05000 r-xp 00000000 fc:01 4492932                    /home/abhimanyu/Trikrypta/VocoNexus/.gradle-home/native/660c5614fbf4a5f2a75b1949f50a0caf5cd603558e7d8a26e50b933a0cfb79d1/linux-amd64/libnative-platform.so
786a69a05000-786a69c05000 ---p 00005000 fc:01 4492932                    /home/abhimanyu/Trikrypta/VocoNexus/.gradle-home/native/660c5614fbf4a5f2a75b1949f50a0caf5cd603558e7d8a26e50b933a0cfb79d1/linux-amd64/libnative-platform.so
786a69c05000-786a69c06000 r--p 00005000 fc:01 4492932                    /home/abhimanyu/Trikrypta/VocoNexus/.gradle-home/native/660c5614fbf4a5f2a75b1949f50a0caf5cd603558e7d8a26e50b933a0cfb79d1/linux-amd64/libnative-platform.so
786a69c06000-786a69c07000 rw-p 00006000 fc:01 4492932                    /home/abhimanyu/Trikrypta/VocoNexus/.gradle-home/native/660c5614fbf4a5f2a75b1949f50a0caf5cd603558e7d8a26e50b933a0cfb79d1/linux-amd64/libnative-platform.so
786a69cfd000-786a69cfe000 ---p 00000000 00:00 0 
786a69cfe000-786a69dfe000 rw-p 00000000 00:00 0 
786a69dfe000-786a69dff000 ---p 00000000 00:00 0 
786a69dff000-786a69eff000 rw-p 00000000 00:00 0 
786a69eff000-786a69f00000 ---p 00000000 00:00 0 
786a69f00000-786a6a000000 rw-p 00000000 00:00 0 
786a6a000000-786a6c021000 rw-p 00000000 00:00 0 
786a6c021000-786a70000000 ---p 00000000 00:00 0 
786a70000000-786a70021000 rw-p 00000000 00:00 0 
786a70021000-786a74000000 ---p 00000000 00:00 0 
786a74000000-786a74021000 rw-p 00000000 00:00 0 
786a74021000-786a78000000 ---p 00000000 00:00 0 
786a7802f000-786a78033000 ---p 00000000 00:00 0 
786a78033000-786a7812f000 rw-p 00000000 00:00 0 
786a7812f000-786a78133000 ---p 00000000 00:00 0 
786a78133000-786a7822f000 rw-p 00000000 00:00 0 
786a7822f000-786a78233000 ---p 00000000 00:00 0 
786a78233000-786a7832f000 rw-p 00000000 00:00 0 
786a7832f000-786a78333000 ---p 00000000 00:00 0 
786a78333000-786a7842f000 rw-p 00000000 00:00 0 
786a7842f000-786a78434000 r--p 00000000 fc:01 19399249                   /usr/lib/jvm/java-21-openjdk-amd64/lib/libjsvml.so
786a78434000-786a78475000 r-xp 00005000 fc:01 19399249                   /usr/lib/jvm/java-21-openjdk-amd64/lib/libjsvml.so
786a78475000-786a784fe000 r--p 00046000 fc:01 19399249                   /usr/lib/jvm/java-21-openjdk-amd64/lib/libjsvml.so
786a784fe000-786a784ff000 r--p 000ce000 fc:01 19399249                   /usr/lib/jvm/java-21-openjdk-amd64/lib/libjsvml.so
786a784ff000-786a78500000 rw-p 000cf000 fc:01 19399249                   /usr/lib/jvm/java-21-openjdk-amd64/lib/libjsvml.so
786a78500000-786a78504000 ---p 00000000 00:00 0 
786a78504000-786a78600000 rw-p 00000000 00:00 0 
786a78600000-786a78604000 ---p 00000000 00:00 0 
786a78604000-786a78700000 rw-p 00000000 00:00 0 
786a78700000-786a78704000 ---p 00000000 00:00 0 
786a78704000-786a78800000 rw-p 00000000 00:00 0 
786a78800000-786a78b60000 rwxp 00000000 00:00 0 
786a78b60000-786a7fd37000 ---p 00000000 00:00 0 
786a7fd37000-786a7ffa7000 rwxp 00000000 00:00 0 
786a7ffa7000-786a802c9000 ---p 00000000 00:00 0 
786a802c9000-786a80539000 rwxp 00000000 00:00 0 
786a80539000-786a87800000 ---p 00000000 00:00 0 
786a87800000-786a8fe51000 r--s 00000000 fc:01 19399265                   /usr/lib/jvm/java-21-openjdk-amd64/lib/modules
786a8ff00000-786a8ff04000 ---p 00000000 00:00 0 
786a8ff04000-786a90000000 rw-p 00000000 00:00 0 
786a90000000-786a90cb1000 rw-p 00000000 00:00 0 
786a90cb1000-786a94004000 ---p 00000000 00:00 0 
786a94004000-786a94100000 rw-p 00000000 00:00 0 
786a94100000-786a94104000 ---p 00000000 00:00 0 
786a94104000-786a94200000 rw-p 00000000 00:00 0 
786a94200000-786a9510d000 r--p 00000000 fc:01 18482268                   /usr/lib/locale/locale-archive
786a9511e000-786a9512c000 r--p 00000000 fc:01 18497398                   /lib/x86_64-linux-gnu/libtinfo.so.6.4
786a9512c000-786a9513f000 r-xp 0000e000 fc:01 18497398                   /lib/x86_64-linux-gnu/libtinfo.so.6.4
786a9513f000-786a9514d000 r--p 00021000 fc:01 18497398                   /lib/x86_64-linux-gnu/libtinfo.so.6.4
786a9514d000-786a95151000 r--p 0002e000 fc:01 18497398                   /lib/x86_64-linux-gnu/libtinfo.so.6.4
786a95151000-786a95152000 rw-p 00032000 fc:01 18497398                   /lib/x86_64-linux-gnu/libtinfo.so.6.4
786a95152000-786a9515b000 r--p 00000000 fc:01 18497410                   /lib/x86_64-linux-gnu/libncursesw.so.6.4
786a9515b000-786a95185000 r-xp 00009000 fc:01 18497410                   /lib/x86_64-linux-gnu/libncursesw.so.6.4
786a95185000-786a9518c000 r--p 00033000 fc:01 18497410                   /lib/x86_64-linux-gnu/libncursesw.so.6.4
786a9518c000-786a9518d000 r--p 00039000 fc:01 18497410                   /lib/x86_64-linux-gnu/libncursesw.so.6.4
786a9518d000-786a9518e000 rw-p 0003a000 fc:01 18497410                   /lib/x86_64-linux-gnu/libncursesw.so.6.4
786a9518e000-786a95192000 ---p 00000000 00:00 0 
786a95192000-786a9528e000 rw-p 00000000 00:00 0 
786a9528e000-786a9528f000 ---p 00000000 00:00 0 
786a9528f000-786a9538f000 rw-p 00000000 00:00 0 
786a9538f000-786a95390000 ---p 00000000 00:00 0 
786a95390000-786a95490000 rw-p 00000000 00:00 0 
786a95490000-786a95511000 rw-p 00000000 00:00 0 
786a95511000-786a95512000 ---p 00000000 00:00 0 
786a95512000-786a95612000 rw-p 00000000 00:00 0 
786a95612000-786a95613000 ---p 00000000 00:00 0 
786a95613000-786a95713000 rw-p 00000000 00:00 0 
786a95713000-786a9611d000 rw-p 00000000 00:00 0 
786a9611d000-786a9611e000 ---p 00000000 00:00 0 
786a9611e000-786a9621e000 rw-p 00000000 00:00 0 
786a9621e000-786a9621f000 ---p 00000000 00:00 0 
786a9621f000-786a9631f000 rw-p 00000000 00:00 0 
786a9631f000-786a96320000 ---p 00000000 00:00 0 
786a96320000-786a96420000 rw-p 00000000 00:00 0 
786a96420000-786a96f2f000 rw-p 00000000 00:00 0 
786a96f2f000-786a97015000 ---p 00000000 00:00 0 
786a97015000-786a9701c000 rw-p 00000000 00:00 0 
786a9701c000-786a97100000 ---p 00000000 00:00 0 
786a97100000-786a97104000 ---p 00000000 00:00 0 
786a97104000-786a97200000 rw-p 00000000 00:00 0 
786a97200000-786a9729d000 r--p 00000000 fc:01 18498191                   /lib/x86_64-linux-gnu/libstdc++.so.6.0.33
786a9729d000-786a973e5000 r-xp 0009d000 fc:01 18498191                   /lib/x86_64-linux-gnu/libstdc++.so.6.0.33
786a973e5000-786a9746c000 r--p 001e5000 fc:01 18498191                   /lib/x86_64-linux-gnu/libstdc++.so.6.0.33
786a9746c000-786a97477000 r--p 0026b000 fc:01 18498191                   /lib/x86_64-linux-gnu/libstdc++.so.6.0.33
786a97477000-786a9747a000 rw-p 00276000 fc:01 18498191                   /lib/x86_64-linux-gnu/libstdc++.so.6.0.33
786a9747a000-786a9747e000 rw-p 00000000 00:00 0 
786a9748e000-786a97492000 ---p 00000000 00:00 0 
786a97492000-786a974b0000 rw-p 00000000 00:00 0 
786a974b0000-786a974b7000 r--s 00000000 fc:01 18483893                   /usr/lib/x86_64-linux-gnu/gconv/gconv-modules.cache
786a974b7000-786a974b8000 r--p 00000000 fc:01 19399235                   /usr/lib/jvm/java-21-openjdk-amd64/lib/libextnet.so
786a974b8000-786a974b9000 r-xp 00001000 fc:01 19399235                   /usr/lib/jvm/java-21-openjdk-amd64/lib/libextnet.so
786a974b9000-786a974ba000 r--p 00002000 fc:01 19399235                   /usr/lib/jvm/java-21-openjdk-amd64/lib/libextnet.so
786a974ba000-786a974bb000 r--p 00002000 fc:01 19399235                   /usr/lib/jvm/java-21-openjdk-amd64/lib/libextnet.so
786a974bb000-786a974bc000 rw-p 00003000 fc:01 19399235                   /usr/lib/jvm/java-21-openjdk-amd64/lib/libextnet.so
786a974bc000-786a97517000 rw-p 00000000 00:00 0 
786a97517000-786a97527000 r--p 00000000 fc:01 18483907                   /lib/x86_64-linux-gnu/libm.so.6
786a97527000-786a975a6000 r-xp 00010000 fc:01 18483907                   /lib/x86_64-linux-gnu/libm.so.6
786a975a6000-786a975fe000 r--p 0008f000 fc:01 18483907                   /lib/x86_64-linux-gnu/libm.so.6
786a975fe000-786a975ff000 r--p 000e7000 fc:01 18483907                   /lib/x86_64-linux-gnu/libm.so.6
786a975ff000-786a97600000 rw-p 000e8000 fc:01 18483907                   /lib/x86_64-linux-gnu/libm.so.6
786a97600000-786a978a2000 r--p 00000000 fc:01 19399269                   /usr/lib/jvm/java-21-openjdk-amd64/lib/server/libjvm.so
786a978a2000-786a98719000 r-xp 002a2000 fc:01 19399269                   /usr/lib/jvm/java-21-openjdk-amd64/lib/server/libjvm.so
786a98719000-786a989f4000 r--p 01119000 fc:01 19399269                   /usr/lib/jvm/java-21-openjdk-amd64/lib/server/libjvm.so
786a989f4000-786a98ac8000 r--p 013f3000 fc:01 19399269                   /usr/lib/jvm/java-21-openjdk-amd64/lib/server/libjvm.so
786a98ac8000-786a98af8000 rw-p 014c7000 fc:01 19399269                   /usr/lib/jvm/java-21-openjdk-amd64/lib/server/libjvm.so
786a98af8000-786a98b5e000 rw-p 00000000 00:00 0 
786a98b60000-786a98b64000 r--p 00000000 fc:01 19399263                   /usr/lib/jvm/java-21-openjdk-amd64/lib/libverify.so
786a98b64000-786a98b6b000 r-xp 00004000 fc:01 19399263                   /usr/lib/jvm/java-21-openjdk-amd64/lib/libverify.so
786a98b6b000-786a98b6d000 r--p 0000b000 fc:01 19399263                   /usr/lib/jvm/java-21-openjdk-amd64/lib/libverify.so
786a98b6d000-786a98b6f000 r--p 0000c000 fc:01 19399263                   /usr/lib/jvm/java-21-openjdk-amd64/lib/libverify.so
786a98b6f000-786a98b70000 rw-p 0000e000 fc:01 19399263                   /usr/lib/jvm/java-21-openjdk-amd64/lib/libverify.so
786a98b70000-786a98b72000 r--p 00000000 fc:01 19399254                   /usr/lib/jvm/java-21-openjdk-amd64/lib/libmanagement_ext.so
786a98b72000-786a98b75000 r-xp 00002000 fc:01 19399254                   /usr/lib/jvm/java-21-openjdk-amd64/lib/libmanagement_ext.so
786a98b75000-786a98b76000 r--p 00005000 fc:01 19399254                   /usr/lib/jvm/java-21-openjdk-amd64/lib/libmanagement_ext.so
786a98b76000-786a98b77000 r--p 00006000 fc:01 19399254                   /usr/lib/jvm/java-21-openjdk-amd64/lib/libmanagement_ext.so
786a98b77000-786a98b78000 rw-p 00007000 fc:01 19399254                   /usr/lib/jvm/java-21-openjdk-amd64/lib/libmanagement_ext.so
786a98b78000-786a98b7a000 r--p 00000000 fc:01 19399252                   /usr/lib/jvm/java-21-openjdk-amd64/lib/libmanagement.so
786a98b7a000-786a98b7b000 r-xp 00002000 fc:01 19399252                   /usr/lib/jvm/java-21-openjdk-amd64/lib/libmanagement.so
786a98b7b000-786a98b7c000 r--p 00003000 fc:01 19399252                   /usr/lib/jvm/java-21-openjdk-amd64/lib/libmanagement.so
786a98b7c000-786a98b7d000 r--p 00003000 fc:01 19399252                   /usr/lib/jvm/java-21-openjdk-amd64/lib/libmanagement.so
786a98b7d000-786a98b7e000 rw-p 00004000 fc:01 19399252                   /usr/lib/jvm/java-21-openjdk-amd64/lib/libmanagement.so
786a98b7e000-786a98b80000 r--p 00000000 fc:01 19399264                   /usr/lib/jvm/java-21-openjdk-amd64/lib/libzip.so
786a98b80000-786a98b85000 r-xp 00002000 fc:01 19399264                   /usr/lib/jvm/java-21-openjdk-amd64/lib/libzip.so
786a98b85000-786a98b87000 r--p 00007000 fc:01 19399264                   /usr/lib/jvm/java-21-openjdk-amd64/lib/libzip.so
786a98b87000-786a98b88000 r--p 00008000 fc:01 19399264                   /usr/lib/jvm/java-21-openjdk-amd64/lib/libzip.so
786a98b88000-786a98b89000 rw-p 00009000 fc:01 19399264                   /usr/lib/jvm/java-21-openjdk-amd64/lib/libzip.so
786a98b89000-786a98b90000 r--p 00000000 fc:01 19399257                   /usr/lib/jvm/java-21-openjdk-amd64/lib/libnio.so
786a98b90000-786a98b99000 r-xp 00007000 fc:01 19399257                   /usr/lib/jvm/java-21-openjdk-amd64/lib/libnio.so
786a98b99000-786a98b9d000 r--p 00010000 fc:01 19399257                   /usr/lib/jvm/java-21-openjdk-amd64/lib/libnio.so
786a98b9d000-786a98b9e000 r--p 00014000 fc:01 19399257                   /usr/lib/jvm/java-21-openjdk-amd64/lib/libnio.so
786a98b9e000-786a98b9f000 rw-p 00015000 fc:01 19399257                   /usr/lib/jvm/java-21-openjdk-amd64/lib/libnio.so
786a98b9f000-786a98c00000 rw-p 00000000 00:00 0 
786a98c00000-786a98c28000 r--p 00000000 fc:01 18483904                   /lib/x86_64-linux-gnu/libc.so.6
786a98c28000-786a98db0000 r-xp 00028000 fc:01 18483904                   /lib/x86_64-linux-gnu/libc.so.6
786a98db0000-786a98dff000 r--p 001b0000 fc:01 18483904                   /lib/x86_64-linux-gnu/libc.so.6
786a98dff000-786a98e03000 r--p 001fe000 fc:01 18483904                   /lib/x86_64-linux-gnu/libc.so.6
786a98e03000-786a98e05000 rw-p 00202000 fc:01 18483904                   /lib/x86_64-linux-gnu/libc.so.6
786a98e05000-786a98e12000 rw-p 00000000 00:00 0 
786a98e13000-786a98e16000 r--p 00000000 fc:01 19399256                   /usr/lib/jvm/java-21-openjdk-amd64/lib/libnet.so
786a98e16000-786a98e1e000 r-xp 00003000 fc:01 19399256                   /usr/lib/jvm/java-21-openjdk-amd64/lib/libnet.so
786a98e1e000-786a98e20000 r--p 0000b000 fc:01 19399256                   /usr/lib/jvm/java-21-openjdk-amd64/lib/libnet.so
786a98e20000-786a98e21000 r--p 0000c000 fc:01 19399256                   /usr/lib/jvm/java-21-openjdk-amd64/lib/libnet.so
786a98e21000-786a98e22000 rw-p 0000d000 fc:01 19399256                   /usr/lib/jvm/java-21-openjdk-amd64/lib/libnet.so
786a98e22000-786a98e47000 rw-p 00000000 00:00 0 
786a98e47000-786a98e4c000 rw-p 00000000 00:00 0 
786a98e4c000-786a98e53000 ---p 00000000 00:00 0 
786a98e53000-786a98e60000 r--p 00000000 fc:01 19399242                   /usr/lib/jvm/java-21-openjdk-amd64/lib/libjava.so
786a98e60000-786a98e6f000 r-xp 0000d000 fc:01 19399242                   /usr/lib/jvm/java-21-openjdk-amd64/lib/libjava.so
786a98e6f000-786a98e74000 r--p 0001c000 fc:01 19399242                   /usr/lib/jvm/java-21-openjdk-amd64/lib/libjava.so
786a98e74000-786a98e75000 r--p 00021000 fc:01 19399242                   /usr/lib/jvm/java-21-openjdk-amd64/lib/libjava.so
786a98e75000-786a98e76000 rw-p 00022000 fc:01 19399242                   /usr/lib/jvm/java-21-openjdk-amd64/lib/libjava.so
786a98e76000-786a98e77000 rw-p 00000000 00:00 0 
786a98e77000-786a98e7b000 r--p 00000000 fc:01 18498201                   /lib/x86_64-linux-gnu/libgcc_s.so.1
786a98e7b000-786a98e9f000 r-xp 00004000 fc:01 18498201                   /lib/x86_64-linux-gnu/libgcc_s.so.1
786a98e9f000-786a98ea3000 r--p 00028000 fc:01 18498201                   /lib/x86_64-linux-gnu/libgcc_s.so.1
786a98ea3000-786a98ea4000 r--p 0002b000 fc:01 18498201                   /lib/x86_64-linux-gnu/libgcc_s.so.1
786a98ea4000-786a98ea5000 rw-p 0002c000 fc:01 18498201                   /lib/x86_64-linux-gnu/libgcc_s.so.1
786a98ea5000-786a98ea7000 rw-p 00000000 00:00 0 
786a98ea7000-786a98ea9000 r--p 00000000 fc:01 19399246                   /usr/lib/jvm/java-21-openjdk-amd64/lib/libjli.so
786a98ea9000-786a98eb3000 r-xp 00002000 fc:01 19399246                   /usr/lib/jvm/java-21-openjdk-amd64/lib/libjli.so
786a98eb3000-786a98eb6000 r--p 0000c000 fc:01 19399246                   /usr/lib/jvm/java-21-openjdk-amd64/lib/libjli.so
786a98eb6000-786a98eb7000 r--p 0000f000 fc:01 19399246                   /usr/lib/jvm/java-21-openjdk-amd64/lib/libjli.so
786a98eb7000-786a98eb8000 rw-p 00010000 fc:01 19399246                   /usr/lib/jvm/java-21-openjdk-amd64/lib/libjli.so
786a98eb8000-786a98eba000 r--p 00000000 fc:01 18502871                   /lib/x86_64-linux-gnu/libz.so.1.3
786a98eba000-786a98ecc000 r-xp 00002000 fc:01 18502871                   /lib/x86_64-linux-gnu/libz.so.1.3
786a98ecc000-786a98ed2000 r--p 00014000 fc:01 18502871                   /lib/x86_64-linux-gnu/libz.so.1.3
786a98ed2000-786a98ed3000 r--p 0001a000 fc:01 18502871                   /lib/x86_64-linux-gnu/libz.so.1.3
786a98ed3000-786a98ed4000 rw-p 0001b000 fc:01 18502871                   /lib/x86_64-linux-gnu/libz.so.1.3
786a98ed8000-786a98ee0000 rw-s 00000000 00:53 3                          /tmp/hsperfdata_abhimanyu/1 (deleted)
786a98ee0000-786a98ee1000 ---p 00000000 00:00 0 
786a98ee1000-786a98ee2000 r--p 00000000 00:00 0 
786a98ee2000-786a98ee3000 ---p 00000000 00:00 0 
786a98ee3000-786a98ee5000 r--p 00000000 fc:01 19399245                   /usr/lib/jvm/java-21-openjdk-amd64/lib/libjimage.so
786a98ee5000-786a98ee8000 r-xp 00002000 fc:01 19399245                   /usr/lib/jvm/java-21-openjdk-amd64/lib/libjimage.so
786a98ee8000-786a98ee9000 r--p 00005000 fc:01 19399245                   /usr/lib/jvm/java-21-openjdk-amd64/lib/libjimage.so
786a98ee9000-786a98eea000 r--p 00006000 fc:01 19399245                   /usr/lib/jvm/java-21-openjdk-amd64/lib/libjimage.so
786a98eea000-786a98eeb000 rw-p 00007000 fc:01 19399245                   /usr/lib/jvm/java-21-openjdk-amd64/lib/libjimage.so
786a98eeb000-786a98eed000 rw-p 00000000 00:00 0 
786a98eed000-786a98ef1000 r--p 00000000 00:00 0                          [vvar]
786a98ef1000-786a98ef3000 r--p 00000000 00:00 0                          [vvar_vclock]
786a98ef3000-786a98ef5000 r-xp 00000000 00:00 0                          [vdso]
786a98ef5000-786a98ef6000 r--p 00000000 fc:01 18483901                   /lib/x86_64-linux-gnu/ld-linux-x86-64.so.2
786a98ef6000-786a98f21000 r-xp 00001000 fc:01 18483901                   /lib/x86_64-linux-gnu/ld-linux-x86-64.so.2
786a98f21000-786a98f2b000 r--p 0002c000 fc:01 18483901                   /lib/x86_64-linux-gnu/ld-linux-x86-64.so.2
786a98f2b000-786a98f2d000 r--p 00036000 fc:01 18483901                   /lib/x86_64-linux-gnu/ld-linux-x86-64.so.2
786a98f2d000-786a98f2f000 rw-p 00038000 fc:01 18483901                   /lib/x86_64-linux-gnu/ld-linux-x86-64.so.2
7ffe6cc15000-7ffe6cc36000 rw-p 00000000 00:00 0                          [stack]
ffffffffff600000-ffffffffff601000 --xp 00000000 00:00 0                  [vsyscall]
Total number of mappings: 325

JVMTI agents: none


VM Arguments:
jvm_args: -Xmx64m -Xms64m -Dorg.gradle.appname=gradlew 
java_command: /home/abhimanyu/Trikrypta/VocoNexus/gradle/wrapper/gradle-wrapper.jar installDebug --offline
java_class_path (initial): /home/abhimanyu/Trikrypta/VocoNexus/gradle/wrapper/gradle-wrapper.jar
Launcher Type: SUN_STANDARD

[Global flags]
     intx CICompilerCount                          = 4                                         {product} {ergonomic}
     uint ConcGCThreads                            = 3                                         {product} {ergonomic}
     uint G1ConcRefinementThreads                  = 10                                        {product} {ergonomic}
   size_t G1HeapRegionSize                         = 1048576                                   {product} {ergonomic}
    uintx GCDrainStackTargetSize                   = 64                                        {product} {ergonomic}
   size_t InitialHeapSize                          = 67108864                                  {product} {command line}
   size_t MarkStackSize                            = 4194304                                   {product} {ergonomic}
   size_t MaxHeapSize                              = 67108864                                  {product} {command line}
   size_t MaxNewSize                               = 39845888                                  {product} {ergonomic}
   size_t MinHeapDeltaBytes                        = 1048576                                   {product} {ergonomic}
   size_t MinHeapSize                              = 67108864                                  {product} {command line}
    uintx NonNMethodCodeHeapSize                   = 5839372                                {pd product} {ergonomic}
    uintx NonProfiledCodeHeapSize                  = 122909434                              {pd product} {ergonomic}
    uintx ProfiledCodeHeapSize                     = 122909434                              {pd product} {ergonomic}
    uintx ReservedCodeCacheSize                    = 251658240                              {pd product} {ergonomic}
     bool SegmentedCodeCache                       = true                                      {product} {ergonomic}
   size_t SoftMaxHeapSize                          = 67108864                               {manageable} {ergonomic}
     bool UseCompressedOops                        = true                           {product lp64_product} {ergonomic}
     bool UseG1GC                                  = true                                      {product} {ergonomic}

Logging:
Log output configuration:
 #0: 
[error occurred during error reporting (printing log configuration), id 0xb, SIGSEGV (0xb) at pc=0x0000786a981976d3]
Release file:
IMPLEMENTOR="Ubuntu"
JAVA_RUNTIME_VERSION="21.0.11+10-1-24.04.2-Ubuntu"
JAVA_VERSION="21.0.11"
JAVA_VERSION_DATE="2026-04-21"
LIBC="gnu"
MODULES="java.base java.compiler java.datatransfer java.xml java.prefs java.desktop java.instrument java.logging java.management java.security.sasl java.naming java.rmi java.management.rmi java.net.http java.scripting java.security.jgss java.transaction.xa java.sql java.sql.rowset java.xml.crypto java.se java.smartcardio jdk.accessibility jdk.internal.jvmstat jdk.attach jdk.charsets jdk.internal.opt jdk.zipfs jdk.compiler jdk.crypto.ec jdk.crypto.cryptoki jdk.dynalink jdk.internal.ed jdk.editpad jdk.hotspot.agent jdk.httpserver jdk.incubator.vector jdk.internal.le jdk.internal.vm.ci jdk.internal.vm.compiler jdk.internal.vm.compiler.management jdk.jartool jdk.javadoc jdk.jcmd jdk.management jdk.management.agent jdk.jconsole jdk.jdeps jdk.jdwp.agent jdk.jdi jdk.jfr jdk.jlink jdk.jpackage jdk.jshell jdk.jsobject jdk.jstatd jdk.localedata jdk.management.jfr jdk.naming.dns jdk.naming.rmi jdk.net jdk.nio.mapmode jdk.random jdk.sctp jdk.security.auth jdk.security.jgss jdk.unsupported jdk.unsupported.desktop jdk.xml.dom"
OS_ARCH="x86_64"
OS_NAME="Linux"
SOURCE=""

Environment Variables:
PATH=/home/abhimanyu/.local/bin:/home/abhimanyu/.local/bin:/home/abhimanyu/.local/bin:/home/abhimanyu/.bun/bin:/home/abhimanyu/flutter/flutter/bin:/home/abhimanyu/.nvm/versions/node/v24.14.0/bin:/home/abhimanyu/.opencode/bin:/home/abhimanyu/.local/bin:/home/abhimanyu/.local/bin:/home/abhimanyu/.local/bin:/home/abhimanyu/.cargo/bin:/home/abhimanyu/.local/bin:/usr/local/sbin:/usr/local/bin:/usr/sbin:/usr/bin:/sbin:/bin:/usr/games:/usr/local/games:/snap/bin:/home/abhimanyu/.dotnet/tools
SHELL=/bin/bash
LANG=en_IN.UTF-8
TERM=dumb
TMP=/tmp

Active Locale:
LC_ALL=en_IN.UTF-8
LC_COLLATE=en_IN.UTF-8
LC_CTYPE=en_IN.UTF-8
LC_MESSAGES=en_IN.UTF-8
LC_MONETARY=en_IN.UTF-8
LC_NUMERIC=en_IN.UTF-8
LC_TIME=en_IN.UTF-8

Signal Handlers:
   SIGSEGV: crash_handler in libjvm.so, mask=11100100010111111101111111111110, flags=SA_RESTART|SA_SIGINFO, unblocked
    SIGBUS: crash_handler in libjvm.so, mask=11100100010111111101111111111110, flags=SA_RESTART|SA_SIGINFO, unblocked
    SIGFPE: crash_handler in libjvm.so, mask=11100100010111111101111111111110, flags=SA_RESTART|SA_SIGINFO, unblocked
   SIGPIPE: javaSignalHandler in libjvm.so, mask=11100100010111111101111111111110, flags=SA_RESTART|SA_SIGINFO, blocked
  *** Handler was modified!
  *** Expected: 0x0000786a900f1bf0, mask=00000111011011100000000000001001, flags=SA_RESTART|SA_SIGINFO
   SIGXFSZ: javaSignalHandler in libjvm.so, mask=11100100010111111101111111111110, flags=SA_RESTART|SA_SIGINFO, blocked
  *** Handler was modified!
  *** Expected: 0x0000786a90007460, mask=00001001000000000000000000001001, flags=SA_RESTART|SA_SIGINFO
    SIGILL: crash_handler in libjvm.so, mask=11100100010111111101111111111110, flags=SA_RESTART|SA_SIGINFO, unblocked
   SIGUSR2: SR_handler in libjvm.so, mask=00000000000000000000000000000000, flags=SA_RESTART|SA_SIGINFO, blocked
  *** Handler was modified!
  *** Expected: 0x0000786a98a011e0 in libjvm.so+20976096, mask=00000000000000000000000000000000, flags=SA_NOCLDSTOP|SA_NOCLDWAIT|Unknown_flags:400008
    SIGHUP: SIG_IGN, mask=00000000000000000000000000000000, flags=none, blocked
    SIGINT: UserHandler in libjvm.so, mask=11100100010111111101111111111110, flags=SA_RESTART|SA_SIGINFO, blocked
   SIGTERM: UserHandler in libjvm.so, mask=11100100010111111101111111111110, flags=SA_RESTART|SA_SIGINFO, blocked
   SIGQUIT: UserHandler in libjvm.so, mask=11100100010111111101111111111110, flags=SA_RESTART|SA_SIGINFO, blocked
   SIGTRAP: crash_handler in libjvm.so, mask=11100100010111111101111111111110, flags=SA_RESTART|SA_SIGINFO, unblocked


Periodic native trim disabled

---------------  S Y S T E M  ---------------

OS:
DISTRIB_ID=Pop
DISTRIB_RELEASE=24.04
DISTRIB_CODENAME=noble
DISTRIB_DESCRIPTION="Pop!_OS 24.04 LTS"
uname: Linux 7.0.11-76070011-generic #202606011647~1784215097~24.04~4974880 SMP PREEMPT_DYNAMIC Thu J x86_64
OS uptime: 0 days 2:38 hours
libc: glibc 2.39 NPTL 2.39 
rlimit (soft/hard): STACK 8192k/8192k , CORE 0k/0k , NPROC 54002/54002 , NOFILE 64000/64000 , AS infinity/infinity , CPU infinity/infinity , DATA infinity/infinity , FSIZE infinity/infinity , MEMLOCK 1999752k/1999752k
load average: 1.68 1.96 2.09

/proc/meminfo:
MemTotal:       15998032 kB
MemFree:         2477128 kB
MemAvailable:    4582676 kB
Buffers:          437244 kB
Cached:          3021112 kB
SwapCached:         1080 kB
Active:          3829648 kB
Inactive:        6596728 kB
Active(anon):    3321224 kB
Inactive(anon):  4204184 kB
Active(file):     508424 kB
Inactive(file):  2392544 kB
Unevictable:      245300 kB
Mlocked:            7848 kB
SwapTotal:      20191732 kB
SwapFree:       15389512 kB
Zswap:                 0 kB
Zswapped:              0 kB
Dirty:             11512 kB
Writeback:             0 kB
AnonPages:       7213036 kB
Mapped:          1341908 kB
Shmem:            551472 kB
KReclaimable:     390780 kB
Slab:             689880 kB
SReclaimable:     390780 kB
SUnreclaim:       299100 kB
KernelStack:       36540 kB
PageTables:       131952 kB
SecPageTables:      4952 kB
NFS_Unstable:          0 kB
Bounce:                0 kB
WritebackTmp:          0 kB
CommitLimit:    28190748 kB
Committed_AS:   36062404 kB
VmallocTotal:   34359738367 kB
VmallocUsed:      204976 kB
VmallocChunk:          0 kB
Percpu:            12288 kB
HardwareCorrupted:     0 kB
AnonHugePages:     18432 kB
ShmemHugePages:   411648 kB
ShmemPmdMapped:        0 kB
FileHugePages:    147456 kB
FilePmdMapped:     24576 kB
CmaTotal:              0 kB
CmaFree:          663216 kB
Unaccepted:            0 kB
Balloon:               0 kB
HugePages_Total:       0
HugePages_Free:        0
HugePages_Rsvd:        0
HugePages_Surp:        0
Hugepagesize:       2048 kB
Hugetlb:               0 kB
DirectMap4k:      349056 kB
DirectMap2M:    10817536 kB
DirectMap1G:     5242880 kB

/sys/kernel/mm/transparent_hugepage/enabled: <Not Available>
/sys/kernel/mm/transparent_hugepage/hpage_pmd_size: <Not Available>
/sys/kernel/mm/transparent_hugepage/defrag (defrag/compaction efforts parameter): <Not Available>

Process Memory:
Virtual Size: 4353084K (peak: 4353084K)
Resident Set Size: 126884K (peak: 126884K) (anon: 101076K, file: 25776K, shmem: 32K)
Swapped out: 0K
C-Heap outstanding allocations: 42520K, retained: 13511K
glibc malloc tunables: (default)

/proc/sys/kernel/threads-max (system-wide limit on the number of threads): 108004
/proc/sys/vm/max_map_count (maximum number of memory map areas a process may have): 2147483642
/proc/sys/vm/swappiness (control to define how aggressively the kernel swaps out anonymous memory): 180
/proc/sys/kernel/pid_max (system-wide limit on number of process identifiers): 4194304

container information not found.
Steal ticks since vm start: 0
Steal ticks percentage since vm start:  0.000

CPU: total 12 (initial active 12) (12 cores per cpu, 1 threads per core) family 6 model 154 stepping 3 microcode 0x43b, cx8, cmov, fxsr, mmx, 3dnowpref, sse, sse2, sse3, ssse3, sse4.1, sse4.2, popcnt, lzcnt, tsc, tscinvbit, avx, avx2, aes, erms, clmul, bmi1, bmi2, adx, sha, fma, vzeroupper, clflush, clflushopt, clwb, serialize, rdtscp, rdpid, fsrm, f16c, pku, ospke, cet_ibt, cet_ss
CPU Model and flags from /proc/cpuinfo:
model name	: 12th Gen Intel(R) Core(TM) i5-12450H
flags		: fpu vme de pse tsc msr pae mce cx8 apic sep mtrr pge mca cmov pat pse36 clflush dts acpi mmx fxsr sse sse2 ss ht tm pbe syscall nx pdpe1gb rdtscp lm constant_tsc art arch_perfmon pebs bts rep_good nopl xtopology nonstop_tsc cpuid aperfmperf tsc_known_freq pni pclmulqdq dtes64 monitor ds_cpl vmx smx est tm2 ssse3 sdbg fma cx16 xtpr pdcm pcid sse4_1 sse4_2 x2apic movbe popcnt tsc_deadline_timer aes xsave avx f16c rdrand lahf_lm abm 3dnowprefetch cpuid_fault epb ssbd ibrs ibpb stibp ibrs_enhanced tpr_shadow flexpriority ept vpid ept_ad fsgsbase tsc_adjust bmi1 avx2 smep bmi2 erms invpcid rdseed adx smap clflushopt clwb intel_pt sha_ni xsaveopt xsavec xgetbv1 xsaves split_lock_detect user_shstk avx_vnni dtherm ida arat pln pts hwp hwp_notify hwp_act_window hwp_epp hwp_pkg_req hfi vnmi umip pku ospke waitpkg gfni vaes vpclmulqdq rdpid movdiri movdir64b fsrm md_clear serialize arch_lbr ibt flush_l1d arch_capabilities

Online cpus: 0-11
Offline cpus: 
BIOS frequency limitation: <Not Available>
Frequency switch latency (ns): 0
Available cpu frequencies: <Not Available>
Current governor: powersave
Core performance/turbo boost: <Not Available>

Memory: 4k page, physical 15998032k(4582676k free), swap 20191732k(15389532k free)
Page Sizes: 4k

vm_info: OpenJDK 64-Bit Server VM (21.0.11+10-1-24.04.2-Ubuntu) for linux-amd64 JRE (21.0.11+10-1-24.04.2-Ubuntu), built on 2026-04-26T09:33:23Z by "buildd" with gcc 13.3.0

END.
